
===========================================================================
Violator List
============================================================================
[setup in-out] alu_opcode[4] -> P : -4.895529
[setup in-out] alu_opcode[4] -> Z : -4.752357
[setup in-out] alu_opcode[4] -> Result[31] : -4.522025
[setup in-out] alu_opcode[4] -> N : -4.296319
[setup in-out] alu_opcode[4] -> Result[30] : -4.084165
[setup in-out] alu_opcode[4] -> V : -3.886487
[setup in-out] alu_opcode[4] -> C : -3.811951
[setup in-out] alu_opcode[4] -> Result[29] : -3.649124
[setup in-out] alu_opcode[4] -> Result[28] : -3.376150
[setup in-out] alu_opcode[4] -> Result[27] : -3.197059
[setup in-out] alu_opcode[4] -> Result[26] : -3.042434
[setup in-out] alu_opcode[4] -> Result[25] : -2.656025
[setup in-out] alu_opcode[4] -> Result[24] : -2.397894
[setup in-out] alu_opcode[4] -> Result[23] : -2.274965
[setup in-out] alu_opcode[4] -> Result[22] : -1.915937
[setup in-out] alu_opcode[4] -> Result[21] : -1.769005
[setup in-out] alu_opcode[4] -> Result[20] : -1.364001
[setup in-out] alu_opcode[4] -> Result[19] : -1.302422
[setup in-out] alu_opcode[4] -> Result[18] : -0.912689
[setup in-out] alu_opcode[4] -> Result[17] : -0.857265
[setup in-out] alu_opcode[4] -> Result[16] : -0.423203
[setup in-out] alu_opcode[4] -> Result[15] : -0.250782
