
===========================================================================
report_checks -path_delay min (Hold)
============================================================================
======================= nom_ss_100C_1v60 Corner ===================================

Startpoint: alu_opcode[3] (input port clocked by __VIRTUAL_CLK__)
Endpoint: Result[10] (output port clocked by __VIRTUAL_CLK__)
Path Group: __VIRTUAL_CLK__
Path Type: min

Fanout         Cap        Slew       Delay        Time   Description
---------------------------------------------------------------------------------------------
                      0.000000    0.000000    0.000000   clock __VIRTUAL_CLK__ (rise edge)
                                  0.000000    0.000000   clock network delay (ideal)
                                  2.000000    2.000000 v input external delay
    14    0.044463    0.192995    0.136266    2.136266 v alu_opcode[3] (in)
                                                         alu_opcode[3] (net)
                      0.192995    0.000000    2.136266 v _1050_/A (sky130_fd_sc_hd__nand2_2)
     5    0.016515    0.157007    0.214601    2.350868 ^ _1050_/Y (sky130_fd_sc_hd__nand2_2)
                                                         _0183_ (net)
                      0.157007    0.000000    2.350868 ^ _1485_/A (sky130_fd_sc_hd__nand2_2)
     2    0.007475    0.084537    0.139773    2.490641 v _1485_/Y (sky130_fd_sc_hd__nand2_2)
                                                         _0608_ (net)
                      0.084537    0.000000    2.490641 v _1486_/A (sky130_fd_sc_hd__inv_2)
     2    0.034872    0.258721    0.234982    2.725623 ^ _1486_/Y (sky130_fd_sc_hd__inv_2)
                                                         Result[10] (net)
                      0.258721    0.000000    2.725623 ^ Result[10] (out)
                                              2.725623   data arrival time

                      0.000000    0.000000    0.000000   clock __VIRTUAL_CLK__ (rise edge)
                                  0.000000    0.000000   clock network delay (ideal)
                                  0.250000    0.250000   clock uncertainty
                                  0.000000    0.250000   clock reconvergence pessimism
                                 -2.000000   -1.750000   output external delay
                                             -1.750000   data required time
---------------------------------------------------------------------------------------------
                                             -1.750000   data required time
                                             -2.725623   data arrival time
---------------------------------------------------------------------------------------------
                                              4.475623   slack (MET)


Startpoint: alu_opcode[3] (input port clocked by __VIRTUAL_CLK__)
Endpoint: Result[8] (output port clocked by __VIRTUAL_CLK__)
Path Group: __VIRTUAL_CLK__
Path Type: min

Fanout         Cap        Slew       Delay        Time   Description
---------------------------------------------------------------------------------------------
                      0.000000    0.000000    0.000000   clock __VIRTUAL_CLK__ (rise edge)
                                  0.000000    0.000000   clock network delay (ideal)
                                  2.000000    2.000000 v input external delay
    14    0.044463    0.192995    0.136266    2.136266 v alu_opcode[3] (in)
                                                         alu_opcode[3] (net)
                      0.192995    0.000000    2.136266 v _1050_/A (sky130_fd_sc_hd__nand2_2)
     5    0.016515    0.157007    0.214601    2.350868 ^ _1050_/Y (sky130_fd_sc_hd__nand2_2)
                                                         _0183_ (net)
                      0.157007    0.000000    2.350868 ^ _1428_/A (sky130_fd_sc_hd__nand2_2)
     2    0.007475    0.084535    0.139773    2.490641 v _1428_/Y (sky130_fd_sc_hd__nand2_2)
                                                         _0553_ (net)
                      0.084535    0.000000    2.490641 v _1429_/A (sky130_fd_sc_hd__inv_2)
     2    0.035009    0.259687    0.235666    2.726306 ^ _1429_/Y (sky130_fd_sc_hd__inv_2)
                                                         Result[8] (net)
                      0.259687    0.000000    2.726306 ^ Result[8] (out)
                                              2.726306   data arrival time

                      0.000000    0.000000    0.000000   clock __VIRTUAL_CLK__ (rise edge)
                                  0.000000    0.000000   clock network delay (ideal)
                                  0.250000    0.250000   clock uncertainty
                                  0.000000    0.250000   clock reconvergence pessimism
                                 -2.000000   -1.750000   output external delay
                                             -1.750000   data required time
---------------------------------------------------------------------------------------------
                                             -1.750000   data required time
                                             -2.726306   data arrival time
---------------------------------------------------------------------------------------------
                                              4.476306   slack (MET)


Startpoint: alu_opcode[3] (input port clocked by __VIRTUAL_CLK__)
Endpoint: Result[25] (output port clocked by __VIRTUAL_CLK__)
Path Group: __VIRTUAL_CLK__
Path Type: min

Fanout         Cap        Slew       Delay        Time   Description
---------------------------------------------------------------------------------------------
                      0.000000    0.000000    0.000000   clock __VIRTUAL_CLK__ (rise edge)
                                  0.000000    0.000000   clock network delay (ideal)
                                  2.000000    2.000000 v input external delay
    14    0.044463    0.192995    0.136266    2.136266 v alu_opcode[3] (in)
                                                         alu_opcode[3] (net)
                      0.192995    0.000000    2.136266 v _1050_/A (sky130_fd_sc_hd__nand2_2)
     5    0.016515    0.157007    0.214601    2.350868 ^ _1050_/Y (sky130_fd_sc_hd__nand2_2)
                                                         _0183_ (net)
                      0.157007    0.000000    2.350868 ^ _1874_/A (sky130_fd_sc_hd__nand2_2)
     2    0.008541    0.092900    0.146492    2.497360 v _1874_/Y (sky130_fd_sc_hd__nand2_2)
                                                         _0982_ (net)
                      0.092900    0.000000    2.497360 v _1875_/A (sky130_fd_sc_hd__inv_2)
     1    0.033442    0.248966    0.231805    2.729165 ^ _1875_/Y (sky130_fd_sc_hd__inv_2)
                                                         Result[25] (net)
                      0.248966    0.000000    2.729165 ^ Result[25] (out)
                                              2.729165   data arrival time

                      0.000000    0.000000    0.000000   clock __VIRTUAL_CLK__ (rise edge)
                                  0.000000    0.000000   clock network delay (ideal)
                                  0.250000    0.250000   clock uncertainty
                                  0.000000    0.250000   clock reconvergence pessimism
                                 -2.000000   -1.750000   output external delay
                                             -1.750000   data required time
---------------------------------------------------------------------------------------------
                                             -1.750000   data required time
                                             -2.729165   data arrival time
---------------------------------------------------------------------------------------------
                                              4.479165   slack (MET)


Startpoint: A[31] (input port clocked by __VIRTUAL_CLK__)
Endpoint: C (output port clocked by __VIRTUAL_CLK__)
Path Group: __VIRTUAL_CLK__
Path Type: min

Fanout         Cap        Slew       Delay        Time   Description
---------------------------------------------------------------------------------------------
                      0.000000    0.000000    0.000000   clock __VIRTUAL_CLK__ (rise edge)
                                  0.000000    0.000000   clock network delay (ideal)
                                  2.000000    2.000000 v input external delay
    18    0.053556    0.231523    0.164050    2.164050 v A[31] (in)
                                                         A[31] (net)
                      0.231523    0.000000    2.164050 v _2065_/A1 (sky130_fd_sc_hd__a31o_2)
     1    0.033442    0.184585    0.577848    2.741898 v _2065_/X (sky130_fd_sc_hd__a31o_2)
                                                         C (net)
                      0.184585    0.000000    2.741898 v C (out)
                                              2.741898   data arrival time

                      0.000000    0.000000    0.000000   clock __VIRTUAL_CLK__ (rise edge)
                                  0.000000    0.000000   clock network delay (ideal)
                                  0.250000    0.250000   clock uncertainty
                                  0.000000    0.250000   clock reconvergence pessimism
                                 -2.000000   -1.750000   output external delay
                                             -1.750000   data required time
---------------------------------------------------------------------------------------------
                                             -1.750000   data required time
                                             -2.741898   data arrival time
---------------------------------------------------------------------------------------------
                                              4.491898   slack (MET)


Startpoint: alu_opcode[3] (input port clocked by __VIRTUAL_CLK__)
Endpoint: Result[16] (output port clocked by __VIRTUAL_CLK__)
Path Group: __VIRTUAL_CLK__
Path Type: min

Fanout         Cap        Slew       Delay        Time   Description
---------------------------------------------------------------------------------------------
                      0.000000    0.000000    0.000000   clock __VIRTUAL_CLK__ (rise edge)
                                  0.000000    0.000000   clock network delay (ideal)
                                  2.000000    2.000000 v input external delay
    14    0.044463    0.192995    0.136266    2.136266 v alu_opcode[3] (in)
                                                         alu_opcode[3] (net)
                      0.192995    0.000000    2.136266 v _1641_/B1 (sky130_fd_sc_hd__o21ai_2)
     1    0.002449    0.080748    0.127669    2.263935 ^ _1641_/Y (sky130_fd_sc_hd__o21ai_2)
                                                         _0758_ (net)
                      0.080748    0.000000    2.263935 ^ _1649_/A1 (sky130_fd_sc_hd__a21o_2)
     3    0.014204    0.135972    0.299186    2.563121 ^ _1649_/X (sky130_fd_sc_hd__a21o_2)
                                                         _0766_ (net)
                      0.135972    0.000000    2.563121 ^ _1650_/A (sky130_fd_sc_hd__inv_2)
     1    0.033442    0.148797    0.179978    2.743099 v _1650_/Y (sky130_fd_sc_hd__inv_2)
                                                         Result[16] (net)
                      0.148797    0.000000    2.743099 v Result[16] (out)
                                              2.743099   data arrival time

                      0.000000    0.000000    0.000000   clock __VIRTUAL_CLK__ (rise edge)
                                  0.000000    0.000000   clock network delay (ideal)
                                  0.250000    0.250000   clock uncertainty
                                  0.000000    0.250000   clock reconvergence pessimism
                                 -2.000000   -1.750000   output external delay
                                             -1.750000   data required time
---------------------------------------------------------------------------------------------
                                             -1.750000   data required time
                                             -2.743099   data arrival time
---------------------------------------------------------------------------------------------
                                              4.493099   slack (MET)


Startpoint: B[28] (input port clocked by __VIRTUAL_CLK__)
Endpoint: Result[28] (output port clocked by __VIRTUAL_CLK__)
Path Group: __VIRTUAL_CLK__
Path Type: min

Fanout         Cap        Slew       Delay        Time   Description
---------------------------------------------------------------------------------------------
                      0.000000    0.000000    0.000000   clock __VIRTUAL_CLK__ (rise edge)
                                  0.000000    0.000000   clock network delay (ideal)
                                  2.000000    2.000000 ^ input external delay
     5    0.017494    0.135011    0.089500    2.089500 ^ B[28] (in)
                                                         B[28] (net)
                      0.135011    0.000000    2.089500 ^ _1934_/A1 (sky130_fd_sc_hd__a22oi_2)
     1    0.004241    0.098042    0.167119    2.256619 v _1934_/Y (sky130_fd_sc_hd__a22oi_2)
                                                         _0023_ (net)
                      0.098042    0.000000    2.256619 v _1935_/B (sky130_fd_sc_hd__nand2_2)
     1    0.002512    0.044384    0.103091    2.359711 ^ _1935_/Y (sky130_fd_sc_hd__nand2_2)
                                                         _0024_ (net)
                      0.044384    0.000000    2.359711 ^ _1949_/A2 (sky130_fd_sc_hd__a211o_2)
     3    0.038271    0.292914    0.436812    2.796523 ^ _1949_/X (sky130_fd_sc_hd__a211o_2)
                                                         Result[28] (net)
                      0.292914    0.000000    2.796523 ^ Result[28] (out)
                                              2.796523   data arrival time

                      0.000000    0.000000    0.000000   clock __VIRTUAL_CLK__ (rise edge)
                                  0.000000    0.000000   clock network delay (ideal)
                                  0.250000    0.250000   clock uncertainty
                                  0.000000    0.250000   clock reconvergence pessimism
                                 -2.000000   -1.750000   output external delay
                                             -1.750000   data required time
---------------------------------------------------------------------------------------------
                                             -1.750000   data required time
                                             -2.796523   data arrival time
---------------------------------------------------------------------------------------------
                                              4.546523   slack (MET)


Startpoint: B[18] (input port clocked by __VIRTUAL_CLK__)
Endpoint: Result[18] (output port clocked by __VIRTUAL_CLK__)
Path Group: __VIRTUAL_CLK__
Path Type: min

Fanout         Cap        Slew       Delay        Time   Description
---------------------------------------------------------------------------------------------
                      0.000000    0.000000    0.000000   clock __VIRTUAL_CLK__ (rise edge)
                                  0.000000    0.000000   clock network delay (ideal)
                                  2.000000    2.000000 ^ input external delay
     6    0.021219    0.160950    0.107927    2.107927 ^ B[18] (in)
                                                         B[18] (net)
                      0.160950    0.000000    2.107927 ^ _1685_/A1 (sky130_fd_sc_hd__a221o_2)
     1    0.002432    0.052527    0.315822    2.423749 ^ _1685_/X (sky130_fd_sc_hd__a221o_2)
                                                         _0800_ (net)
                      0.052527    0.000000    2.423749 ^ _1699_/A2 (sky130_fd_sc_hd__a21o_2)
     3    0.038228    0.304169    0.430170    2.853919 ^ _1699_/X (sky130_fd_sc_hd__a21o_2)
                                                         Result[18] (net)
                      0.304169    0.000000    2.853919 ^ Result[18] (out)
                                              2.853919   data arrival time

                      0.000000    0.000000    0.000000   clock __VIRTUAL_CLK__ (rise edge)
                                  0.000000    0.000000   clock network delay (ideal)
                                  0.250000    0.250000   clock uncertainty
                                  0.000000    0.250000   clock reconvergence pessimism
                                 -2.000000   -1.750000   output external delay
                                             -1.750000   data required time
---------------------------------------------------------------------------------------------
                                             -1.750000   data required time
                                             -2.853919   data arrival time
---------------------------------------------------------------------------------------------
                                              4.603919   slack (MET)


Startpoint: alu_opcode[3] (input port clocked by __VIRTUAL_CLK__)
Endpoint: Result[26] (output port clocked by __VIRTUAL_CLK__)
Path Group: __VIRTUAL_CLK__
Path Type: min

Fanout         Cap        Slew       Delay        Time   Description
---------------------------------------------------------------------------------------------
                      0.000000    0.000000    0.000000   clock __VIRTUAL_CLK__ (rise edge)
                                  0.000000    0.000000   clock network delay (ideal)
                                  2.000000    2.000000 v input external delay
    14    0.044463    0.192995    0.136266    2.136266 v alu_opcode[3] (in)
                                                         alu_opcode[3] (net)
                      0.192995    0.000000    2.136266 v _1050_/A (sky130_fd_sc_hd__nand2_2)
     5    0.016515    0.157007    0.214601    2.350868 ^ _1050_/Y (sky130_fd_sc_hd__nand2_2)
                                                         _0183_ (net)
                      0.157007    0.000000    2.350868 ^ _1901_/A (sky130_fd_sc_hd__and2_2)
     3    0.038228    0.330848    0.505112    2.855979 ^ _1901_/X (sky130_fd_sc_hd__and2_2)
                                                         Result[26] (net)
                      0.330848    0.000000    2.855979 ^ Result[26] (out)
                                              2.855979   data arrival time

                      0.000000    0.000000    0.000000   clock __VIRTUAL_CLK__ (rise edge)
                                  0.000000    0.000000   clock network delay (ideal)
                                  0.250000    0.250000   clock uncertainty
                                  0.000000    0.250000   clock reconvergence pessimism
                                 -2.000000   -1.750000   output external delay
                                             -1.750000   data required time
---------------------------------------------------------------------------------------------
                                             -1.750000   data required time
                                             -2.855979   data arrival time
---------------------------------------------------------------------------------------------
                                              4.605979   slack (MET)


Startpoint: alu_opcode[4] (input port clocked by __VIRTUAL_CLK__)
Endpoint: Result[24] (output port clocked by __VIRTUAL_CLK__)
Path Group: __VIRTUAL_CLK__
Path Type: min

Fanout         Cap        Slew       Delay        Time   Description
---------------------------------------------------------------------------------------------
                      0.000000    0.000000    0.000000   clock __VIRTUAL_CLK__ (rise edge)
                                  0.000000    0.000000   clock network delay (ideal)
                                  2.000000    2.000000 v input external delay
    19    0.061570    0.265479    0.188537    2.188537 v alu_opcode[4] (in)
                                                         alu_opcode[4] (net)
                      0.265479    0.000000    2.188537 v _1846_/A (sky130_fd_sc_hd__nand2_2)
     1    0.002501    0.055818    0.148438    2.336975 ^ _1846_/Y (sky130_fd_sc_hd__nand2_2)
                                                         _0955_ (net)
                      0.055818    0.000000    2.336975 ^ _1847_/A3 (sky130_fd_sc_hd__a31o_2)
     2    0.009155    0.123272    0.366938    2.703913 ^ _1847_/X (sky130_fd_sc_hd__a31o_2)
                                                         _0956_ (net)
                      0.123272    0.000000    2.703913 ^ _1848_/A (sky130_fd_sc_hd__inv_2)
     2    0.035788    0.157184    0.180945    2.884858 v _1848_/Y (sky130_fd_sc_hd__inv_2)
                                                         Result[24] (net)
                      0.157184    0.000000    2.884858 v Result[24] (out)
                                              2.884858   data arrival time

                      0.000000    0.000000    0.000000   clock __VIRTUAL_CLK__ (rise edge)
                                  0.000000    0.000000   clock network delay (ideal)
                                  0.250000    0.250000   clock uncertainty
                                  0.000000    0.250000   clock reconvergence pessimism
                                 -2.000000   -1.750000   output external delay
                                             -1.750000   data required time
---------------------------------------------------------------------------------------------
                                             -1.750000   data required time
                                             -2.884858   data arrival time
---------------------------------------------------------------------------------------------
                                              4.634858   slack (MET)


Startpoint: alu_opcode[4] (input port clocked by __VIRTUAL_CLK__)
Endpoint: Result[27] (output port clocked by __VIRTUAL_CLK__)
Path Group: __VIRTUAL_CLK__
Path Type: min

Fanout         Cap        Slew       Delay        Time   Description
---------------------------------------------------------------------------------------------
                      0.000000    0.000000    0.000000   clock __VIRTUAL_CLK__ (rise edge)
                                  0.000000    0.000000   clock network delay (ideal)
                                  2.000000    2.000000 v input external delay
    19    0.061570    0.265479    0.188537    2.188537 v alu_opcode[4] (in)
                                                         alu_opcode[4] (net)
                      0.265479    0.000000    2.188537 v _1922_/B1 (sky130_fd_sc_hd__o31a_2)
     1    0.004246    0.053217    0.299040    2.487577 v _1922_/X (sky130_fd_sc_hd__o31a_2)
                                                         _0012_ (net)
                      0.053217    0.000000    2.487577 v _1924_/A (sky130_fd_sc_hd__nor2_2)
     2    0.006574    0.165082    0.196136    2.683713 ^ _1924_/Y (sky130_fd_sc_hd__nor2_2)
                                                         _0014_ (net)
                      0.165082    0.000000    2.683713 ^ _1925_/B (sky130_fd_sc_hd__nor2_2)
     3    0.036484    0.161805    0.204672    2.888385 v _1925_/Y (sky130_fd_sc_hd__nor2_2)
                                                         Result[27] (net)
                      0.161805    0.000000    2.888385 v Result[27] (out)
                                              2.888385   data arrival time

                      0.000000    0.000000    0.000000   clock __VIRTUAL_CLK__ (rise edge)
                                  0.000000    0.000000   clock network delay (ideal)
                                  0.250000    0.250000   clock uncertainty
                                  0.000000    0.250000   clock reconvergence pessimism
                                 -2.000000   -1.750000   output external delay
                                             -1.750000   data required time
---------------------------------------------------------------------------------------------
                                             -1.750000   data required time
                                             -2.888385   data arrival time
---------------------------------------------------------------------------------------------
                                              4.638385   slack (MET)


Startpoint: alu_opcode[4] (input port clocked by __VIRTUAL_CLK__)
Endpoint: Result[19] (output port clocked by __VIRTUAL_CLK__)
Path Group: __VIRTUAL_CLK__
Path Type: min

Fanout         Cap        Slew       Delay        Time   Description
---------------------------------------------------------------------------------------------
                      0.000000    0.000000    0.000000   clock __VIRTUAL_CLK__ (rise edge)
                                  0.000000    0.000000   clock network delay (ideal)
                                  2.000000    2.000000 v input external delay
    19    0.061570    0.265479    0.188537    2.188537 v alu_opcode[4] (in)
                                                         alu_opcode[4] (net)
                      0.265479    0.000000    2.188537 v _1715_/B1 (sky130_fd_sc_hd__o21ai_2)
     1    0.001472    0.092509    0.140552    2.329089 ^ _1715_/Y (sky130_fd_sc_hd__o21ai_2)
                                                         _0829_ (net)
                      0.092509    0.000000    2.329089 ^ _1723_/B (sky130_fd_sc_hd__and3_2)
     2    0.006574    0.111524    0.385366    2.714455 ^ _1723_/X (sky130_fd_sc_hd__and3_2)
                                                         _0837_ (net)
                      0.111524    0.000000    2.714455 ^ _1724_/B (sky130_fd_sc_hd__nor2_2)
     3    0.036484    0.160092    0.179385    2.893840 v _1724_/Y (sky130_fd_sc_hd__nor2_2)
                                                         Result[19] (net)
                      0.160092    0.000000    2.893840 v Result[19] (out)
                                              2.893840   data arrival time

                      0.000000    0.000000    0.000000   clock __VIRTUAL_CLK__ (rise edge)
                                  0.000000    0.000000   clock network delay (ideal)
                                  0.250000    0.250000   clock uncertainty
                                  0.000000    0.250000   clock reconvergence pessimism
                                 -2.000000   -1.750000   output external delay
                                             -1.750000   data required time
---------------------------------------------------------------------------------------------
                                             -1.750000   data required time
                                             -2.893840   data arrival time
---------------------------------------------------------------------------------------------
                                              4.643840   slack (MET)


Startpoint: alu_opcode[4] (input port clocked by __VIRTUAL_CLK__)
Endpoint: Result[15] (output port clocked by __VIRTUAL_CLK__)
Path Group: __VIRTUAL_CLK__
Path Type: min

Fanout         Cap        Slew       Delay        Time   Description
---------------------------------------------------------------------------------------------
                      0.000000    0.000000    0.000000   clock __VIRTUAL_CLK__ (rise edge)
                                  0.000000    0.000000   clock network delay (ideal)
                                  2.000000    2.000000 v input external delay
    19    0.061570    0.265479    0.188537    2.188537 v alu_opcode[4] (in)
                                                         alu_opcode[4] (net)
                      0.265479    0.000000    2.188537 v _1622_/B1 (sky130_fd_sc_hd__o21ai_2)
     1    0.002427    0.097221    0.150653    2.339190 ^ _1622_/Y (sky130_fd_sc_hd__o21ai_2)
                                                         _0740_ (net)
                      0.097221    0.000000    2.339190 ^ _1623_/B1 (sky130_fd_sc_hd__o211a_2)
     2    0.006231    0.108826    0.402882    2.742072 ^ _1623_/X (sky130_fd_sc_hd__o211a_2)
                                                         _0741_ (net)
                      0.108826    0.000000    2.742072 ^ _1624_/B (sky130_fd_sc_hd__nor2_2)
     3    0.036701    0.160885    0.178752    2.920824 v _1624_/Y (sky130_fd_sc_hd__nor2_2)
                                                         Result[15] (net)
                      0.160885    0.000000    2.920824 v Result[15] (out)
                                              2.920824   data arrival time

                      0.000000    0.000000    0.000000   clock __VIRTUAL_CLK__ (rise edge)
                                  0.000000    0.000000   clock network delay (ideal)
                                  0.250000    0.250000   clock uncertainty
                                  0.000000    0.250000   clock reconvergence pessimism
                                 -2.000000   -1.750000   output external delay
                                             -1.750000   data required time
---------------------------------------------------------------------------------------------
                                             -1.750000   data required time
                                             -2.920824   data arrival time
---------------------------------------------------------------------------------------------
                                              4.670825   slack (MET)


Startpoint: B[31] (input port clocked by __VIRTUAL_CLK__)
Endpoint: N (output port clocked by __VIRTUAL_CLK__)
Path Group: __VIRTUAL_CLK__
Path Type: min

Fanout         Cap        Slew       Delay        Time   Description
---------------------------------------------------------------------------------------------
                      0.000000    0.000000    0.000000   clock __VIRTUAL_CLK__ (rise edge)
                                  0.000000    0.000000   clock network delay (ideal)
                                  2.000000    2.000000 ^ input external delay
     6    0.021655    0.164005    0.110081    2.110081 ^ B[31] (in)
                                                         B[31] (net)
                      0.164005    0.000000    2.110081 ^ _2004_/A1 (sky130_fd_sc_hd__a221o_2)
     1    0.002512    0.053326    0.317949    2.428029 ^ _2004_/X (sky130_fd_sc_hd__a221o_2)
                                                         _0094_ (net)
                      0.053326    0.000000    2.428029 ^ _2017_/A2 (sky130_fd_sc_hd__a211o_2)
     4    0.048369    0.365030    0.492846    2.920876 ^ _2017_/X (sky130_fd_sc_hd__a211o_2)
                                                         N (net)
                      0.365030    0.000000    2.920876 ^ N (out)
                                              2.920876   data arrival time

                      0.000000    0.000000    0.000000   clock __VIRTUAL_CLK__ (rise edge)
                                  0.000000    0.000000   clock network delay (ideal)
                                  0.250000    0.250000   clock uncertainty
                                  0.000000    0.250000   clock reconvergence pessimism
                                 -2.000000   -1.750000   output external delay
                                             -1.750000   data required time
---------------------------------------------------------------------------------------------
                                             -1.750000   data required time
                                             -2.920876   data arrival time
---------------------------------------------------------------------------------------------
                                              4.670876   slack (MET)


Startpoint: B[20] (input port clocked by __VIRTUAL_CLK__)
Endpoint: Result[20] (output port clocked by __VIRTUAL_CLK__)
Path Group: __VIRTUAL_CLK__
Path Type: min

Fanout         Cap        Slew       Delay        Time   Description
---------------------------------------------------------------------------------------------
                      0.000000    0.000000    0.000000   clock __VIRTUAL_CLK__ (rise edge)
                                  0.000000    0.000000   clock network delay (ideal)
                                  2.000000    2.000000 v input external delay
     5    0.015634    0.071355    0.048293    2.048293 v B[20] (in)
                                                         B[20] (net)
                      0.071355    0.000000    2.048293 v _1734_/B (sky130_fd_sc_hd__nand2_2)
     2    0.007043    0.082431    0.116939    2.165232 ^ _1734_/Y (sky130_fd_sc_hd__nand2_2)
                                                         _0847_ (net)
                      0.082431    0.000000    2.165232 ^ _1739_/A (sky130_fd_sc_hd__nand2_2)
     1    0.002354    0.044011    0.078320    2.243552 v _1739_/Y (sky130_fd_sc_hd__nand2_2)
                                                         _0852_ (net)
                      0.044011    0.000000    2.243552 v _1740_/D1 (sky130_fd_sc_hd__o2111a_2)
     1    0.004181    0.057486    0.224373    2.467926 v _1740_/X (sky130_fd_sc_hd__o2111a_2)
                                                         _0853_ (net)
                      0.057486    0.000000    2.467926 v _1741_/B (sky130_fd_sc_hd__nor2_2)
     1    0.002524    0.097582    0.110820    2.578746 ^ _1741_/Y (sky130_fd_sc_hd__nor2_2)
                                                         _0854_ (net)
                      0.097582    0.000000    2.578746 ^ _1749_/B1 (sky130_fd_sc_hd__a211o_2)
     3    0.041451    0.315677    0.382373    2.961119 ^ _1749_/X (sky130_fd_sc_hd__a211o_2)
                                                         Result[20] (net)
                      0.315677    0.000000    2.961119 ^ Result[20] (out)
                                              2.961119   data arrival time

                      0.000000    0.000000    0.000000   clock __VIRTUAL_CLK__ (rise edge)
                                  0.000000    0.000000   clock network delay (ideal)
                                  0.250000    0.250000   clock uncertainty
                                  0.000000    0.250000   clock reconvergence pessimism
                                 -2.000000   -1.750000   output external delay
                                             -1.750000   data required time
---------------------------------------------------------------------------------------------
                                             -1.750000   data required time
                                             -2.961119   data arrival time
---------------------------------------------------------------------------------------------
                                              4.711119   slack (MET)


Startpoint: A[22] (input port clocked by __VIRTUAL_CLK__)
Endpoint: Result[22] (output port clocked by __VIRTUAL_CLK__)
Path Group: __VIRTUAL_CLK__
Path Type: min

Fanout         Cap        Slew       Delay        Time   Description
---------------------------------------------------------------------------------------------
                      0.000000    0.000000    0.000000   clock __VIRTUAL_CLK__ (rise edge)
                                  0.000000    0.000000   clock network delay (ideal)
                                  2.000000    2.000000 ^ input external delay
    12    0.031821    0.235222    0.160303    2.160303 ^ A[22] (in)
                                                         A[22] (net)
                      0.235222    0.000000    2.160303 ^ _1794_/A1 (sky130_fd_sc_hd__o211a_2)
     1    0.004698    0.096808    0.449606    2.609909 ^ _1794_/X (sky130_fd_sc_hd__o211a_2)
                                                         _0905_ (net)
                      0.096808    0.000000    2.609909 ^ _1796_/A2 (sky130_fd_sc_hd__o21bai_2)
     3    0.040863    0.357456    0.351237    2.961147 v _1796_/Y (sky130_fd_sc_hd__o21bai_2)
                                                         Result[22] (net)
                      0.357456    0.000000    2.961147 v Result[22] (out)
                                              2.961147   data arrival time

                      0.000000    0.000000    0.000000   clock __VIRTUAL_CLK__ (rise edge)
                                  0.000000    0.000000   clock network delay (ideal)
                                  0.250000    0.250000   clock uncertainty
                                  0.000000    0.250000   clock reconvergence pessimism
                                 -2.000000   -1.750000   output external delay
                                             -1.750000   data required time
---------------------------------------------------------------------------------------------
                                             -1.750000   data required time
                                             -2.961147   data arrival time
---------------------------------------------------------------------------------------------
                                              4.711146   slack (MET)


Startpoint: B[30] (input port clocked by __VIRTUAL_CLK__)
Endpoint: Result[30] (output port clocked by __VIRTUAL_CLK__)
Path Group: __VIRTUAL_CLK__
Path Type: min

Fanout         Cap        Slew       Delay        Time   Description
---------------------------------------------------------------------------------------------
                      0.000000    0.000000    0.000000   clock __VIRTUAL_CLK__ (rise edge)
                                  0.000000    0.000000   clock network delay (ideal)
                                  2.000000    2.000000 ^ input external delay
     5    0.017601    0.135747    0.090031    2.090031 ^ B[30] (in)
                                                         B[30] (net)
                      0.135747    0.000000    2.090031 ^ _1982_/B (sky130_fd_sc_hd__nand2_2)
     2    0.006553    0.080736    0.137361    2.227391 v _1982_/Y (sky130_fd_sc_hd__nand2_2)
                                                         _0071_ (net)
                      0.080736    0.000000    2.227391 v _1986_/B1 (sky130_fd_sc_hd__o21ai_2)
     1    0.002452    0.056076    0.081897    2.309288 ^ _1986_/Y (sky130_fd_sc_hd__o21ai_2)
                                                         _0075_ (net)
                      0.056076    0.000000    2.309288 ^ _1988_/A2 (sky130_fd_sc_hd__a31o_2)
     1    0.004595    0.080199    0.320890    2.630179 ^ _1988_/X (sky130_fd_sc_hd__a31o_2)
                                                         _0077_ (net)
                      0.080199    0.000000    2.630179 ^ _1996_/A1 (sky130_fd_sc_hd__a21oi_2)
     3    0.046119    0.369549    0.331848    2.962027 v _1996_/Y (sky130_fd_sc_hd__a21oi_2)
                                                         Result[30] (net)
                      0.369549    0.000000    2.962027 v Result[30] (out)
                                              2.962027   data arrival time

                      0.000000    0.000000    0.000000   clock __VIRTUAL_CLK__ (rise edge)
                                  0.000000    0.000000   clock network delay (ideal)
                                  0.250000    0.250000   clock uncertainty
                                  0.000000    0.250000   clock reconvergence pessimism
                                 -2.000000   -1.750000   output external delay
                                             -1.750000   data required time
---------------------------------------------------------------------------------------------
                                             -1.750000   data required time
                                             -2.962027   data arrival time
---------------------------------------------------------------------------------------------
                                              4.712027   slack (MET)


Startpoint: A[31] (input port clocked by __VIRTUAL_CLK__)
Endpoint: V (output port clocked by __VIRTUAL_CLK__)
Path Group: __VIRTUAL_CLK__
Path Type: min

Fanout         Cap        Slew       Delay        Time   Description
---------------------------------------------------------------------------------------------
                      0.000000    0.000000    0.000000   clock __VIRTUAL_CLK__ (rise edge)
                                  0.000000    0.000000   clock network delay (ideal)
                                  2.000000    2.000000 v input external delay
    18    0.053556    0.231523    0.164050    2.164050 v A[31] (in)
                                                         A[31] (net)
                      0.231523    0.000000    2.164050 v _2066_/A (sky130_fd_sc_hd__xnor2_2)
     1    0.001516    0.053135    0.266901    2.430951 ^ _2066_/Y (sky130_fd_sc_hd__xnor2_2)
                                                         _0158_ (net)
                      0.053135    0.000000    2.430951 ^ _2067_/C (sky130_fd_sc_hd__and3_2)
     1    0.033442    0.301793    0.557781    2.988732 ^ _2067_/X (sky130_fd_sc_hd__and3_2)
                                                         V (net)
                      0.301793    0.000000    2.988732 ^ V (out)
                                              2.988732   data arrival time

                      0.000000    0.000000    0.000000   clock __VIRTUAL_CLK__ (rise edge)
                                  0.000000    0.000000   clock network delay (ideal)
                                  0.250000    0.250000   clock uncertainty
                                  0.000000    0.250000   clock reconvergence pessimism
                                 -2.000000   -1.750000   output external delay
                                             -1.750000   data required time
---------------------------------------------------------------------------------------------
                                             -1.750000   data required time
                                             -2.988732   data arrival time
---------------------------------------------------------------------------------------------
                                              4.738732   slack (MET)


Startpoint: alu_opcode[3] (input port clocked by __VIRTUAL_CLK__)
Endpoint: Result[9] (output port clocked by __VIRTUAL_CLK__)
Path Group: __VIRTUAL_CLK__
Path Type: min

Fanout         Cap        Slew       Delay        Time   Description
---------------------------------------------------------------------------------------------
                      0.000000    0.000000    0.000000   clock __VIRTUAL_CLK__ (rise edge)
                                  0.000000    0.000000   clock network delay (ideal)
                                  2.000000    2.000000 v input external delay
    14    0.044463    0.192995    0.136266    2.136266 v alu_opcode[3] (in)
                                                         alu_opcode[3] (net)
                      0.192995    0.000000    2.136266 v _1016_/A (sky130_fd_sc_hd__inv_2)
     8    0.024177    0.188367    0.232924    2.369190 ^ _1016_/Y (sky130_fd_sc_hd__inv_2)
                                                         _0058_ (net)
                      0.188367    0.000000    2.369190 ^ _1456_/A1 (sky130_fd_sc_hd__o211a_2)
     2    0.006231    0.108835    0.447750    2.816940 ^ _1456_/X (sky130_fd_sc_hd__o211a_2)
                                                         _0580_ (net)
                      0.108835    0.000000    2.816940 ^ _1457_/B (sky130_fd_sc_hd__nor2_2)
     3    0.036701    0.160885    0.178756    2.995696 v _1457_/Y (sky130_fd_sc_hd__nor2_2)
                                                         Result[9] (net)
                      0.160885    0.000000    2.995696 v Result[9] (out)
                                              2.995696   data arrival time

                      0.000000    0.000000    0.000000   clock __VIRTUAL_CLK__ (rise edge)
                                  0.000000    0.000000   clock network delay (ideal)
                                  0.250000    0.250000   clock uncertainty
                                  0.000000    0.250000   clock reconvergence pessimism
                                 -2.000000   -1.750000   output external delay
                                             -1.750000   data required time
---------------------------------------------------------------------------------------------
                                             -1.750000   data required time
                                             -2.995696   data arrival time
---------------------------------------------------------------------------------------------
                                              4.745697   slack (MET)


Startpoint: alu_opcode[3] (input port clocked by __VIRTUAL_CLK__)
Endpoint: Result[11] (output port clocked by __VIRTUAL_CLK__)
Path Group: __VIRTUAL_CLK__
Path Type: min

Fanout         Cap        Slew       Delay        Time   Description
---------------------------------------------------------------------------------------------
                      0.000000    0.000000    0.000000   clock __VIRTUAL_CLK__ (rise edge)
                                  0.000000    0.000000   clock network delay (ideal)
                                  2.000000    2.000000 v input external delay
    14    0.044463    0.192995    0.136266    2.136266 v alu_opcode[3] (in)
                                                         alu_opcode[3] (net)
                      0.192995    0.000000    2.136266 v _1016_/A (sky130_fd_sc_hd__inv_2)
     8    0.024177    0.188367    0.232924    2.369190 ^ _1016_/Y (sky130_fd_sc_hd__inv_2)
                                                         _0058_ (net)
                      0.188367    0.000000    2.369190 ^ _1512_/A1 (sky130_fd_sc_hd__o221a_2)
     2    0.006231    0.109049    0.483356    2.852545 ^ _1512_/X (sky130_fd_sc_hd__o221a_2)
                                                         _0634_ (net)
                      0.109049    0.000000    2.852545 ^ _1513_/B (sky130_fd_sc_hd__nor2_2)
     3    0.036787    0.161240    0.179111    3.031657 v _1513_/Y (sky130_fd_sc_hd__nor2_2)
                                                         Result[11] (net)
                      0.161240    0.000000    3.031657 v Result[11] (out)
                                              3.031657   data arrival time

                      0.000000    0.000000    0.000000   clock __VIRTUAL_CLK__ (rise edge)
                                  0.000000    0.000000   clock network delay (ideal)
                                  0.250000    0.250000   clock uncertainty
                                  0.000000    0.250000   clock reconvergence pessimism
                                 -2.000000   -1.750000   output external delay
                                             -1.750000   data required time
---------------------------------------------------------------------------------------------
                                             -1.750000   data required time
                                             -3.031657   data arrival time
---------------------------------------------------------------------------------------------
                                              4.781657   slack (MET)


Startpoint: A[1] (input port clocked by __VIRTUAL_CLK__)
Endpoint: Result[1] (output port clocked by __VIRTUAL_CLK__)
Path Group: __VIRTUAL_CLK__
Path Type: min

Fanout         Cap        Slew       Delay        Time   Description
---------------------------------------------------------------------------------------------
                      0.000000    0.000000    0.000000   clock __VIRTUAL_CLK__ (rise edge)
                                  0.000000    0.000000   clock network delay (ideal)
                                  2.000000    2.000000 v input external delay
    11    0.028378    0.124841    0.087118    2.087118 v A[1] (in)
                                                         A[1] (net)
                      0.124841    0.000000    2.087118 v _1020_/A (sky130_fd_sc_hd__inv_2)
     4    0.010728    0.096230    0.131493    2.218611 ^ _1020_/Y (sky130_fd_sc_hd__inv_2)
                                                         _0100_ (net)
                      0.096230    0.000000    2.218611 ^ _1140_/A (sky130_fd_sc_hd__or3_2)
     1    0.002461    0.048405    0.192932    2.411543 ^ _1140_/X (sky130_fd_sc_hd__or3_2)
                                                         _0272_ (net)
                      0.048405    0.000000    2.411543 ^ _1146_/A1 (sky130_fd_sc_hd__a31o_2)
     1    0.004546    0.079813    0.300286    2.711828 ^ _1146_/X (sky130_fd_sc_hd__a31o_2)
                                                         _0278_ (net)
                      0.079813    0.000000    2.711828 ^ _1181_/A (sky130_fd_sc_hd__nand2_2)
     3    0.043157    0.367512    0.322477    3.034305 v _1181_/Y (sky130_fd_sc_hd__nand2_2)
                                                         Result[1] (net)
                      0.367512    0.000000    3.034305 v Result[1] (out)
                                              3.034305   data arrival time

                      0.000000    0.000000    0.000000   clock __VIRTUAL_CLK__ (rise edge)
                                  0.000000    0.000000   clock network delay (ideal)
                                  0.250000    0.250000   clock uncertainty
                                  0.000000    0.250000   clock reconvergence pessimism
                                 -2.000000   -1.750000   output external delay
                                             -1.750000   data required time
---------------------------------------------------------------------------------------------
                                             -1.750000   data required time
                                             -3.034305   data arrival time
---------------------------------------------------------------------------------------------
                                              4.784305   slack (MET)


Startpoint: alu_opcode[4] (input port clocked by __VIRTUAL_CLK__)
Endpoint: Result[0] (output port clocked by __VIRTUAL_CLK__)
Path Group: __VIRTUAL_CLK__
Path Type: min

Fanout         Cap        Slew       Delay        Time   Description
---------------------------------------------------------------------------------------------
                      0.000000    0.000000    0.000000   clock __VIRTUAL_CLK__ (rise edge)
                                  0.000000    0.000000   clock network delay (ideal)
                                  2.000000    2.000000 v input external delay
    19    0.061570    0.265479    0.188537    2.188537 v alu_opcode[4] (in)
                                                         alu_opcode[4] (net)
                      0.265479    0.000000    2.188537 v _1116_/B (sky130_fd_sc_hd__nand2_2)
     8    0.019497    0.177389    0.279960    2.468497 ^ _1116_/Y (sky130_fd_sc_hd__nand2_2)
                                                         _0249_ (net)
                      0.177389    0.000000    2.468497 ^ _1117_/B1 (sky130_fd_sc_hd__a21o_2)
     2    0.009375    0.092732    0.233461    2.701958 ^ _1117_/X (sky130_fd_sc_hd__a21o_2)
                                                         _0250_ (net)
                      0.092732    0.000000    2.701958 ^ _1131_/A2 (sky130_fd_sc_hd__o21ai_2)
     3    0.043286    0.361156    0.336083    3.038041 v _1131_/Y (sky130_fd_sc_hd__o21ai_2)
                                                         Result[0] (net)
                      0.361156    0.000000    3.038041 v Result[0] (out)
                                              3.038041   data arrival time

                      0.000000    0.000000    0.000000   clock __VIRTUAL_CLK__ (rise edge)
                                  0.000000    0.000000   clock network delay (ideal)
                                  0.250000    0.250000   clock uncertainty
                                  0.000000    0.250000   clock reconvergence pessimism
                                 -2.000000   -1.750000   output external delay
                                             -1.750000   data required time
---------------------------------------------------------------------------------------------
                                             -1.750000   data required time
                                             -3.038041   data arrival time
---------------------------------------------------------------------------------------------
                                              4.788041   slack (MET)


Startpoint: B[12] (input port clocked by __VIRTUAL_CLK__)
Endpoint: Result[12] (output port clocked by __VIRTUAL_CLK__)
Path Group: __VIRTUAL_CLK__
Path Type: min

Fanout         Cap        Slew       Delay        Time   Description
---------------------------------------------------------------------------------------------
                      0.000000    0.000000    0.000000   clock __VIRTUAL_CLK__ (rise edge)
                                  0.000000    0.000000   clock network delay (ideal)
                                  2.000000    2.000000 ^ input external delay
     5    0.017494    0.135011    0.089500    2.089500 ^ B[12] (in)
                                                         B[12] (net)
                      0.135011    0.000000    2.089500 ^ _1521_/A1 (sky130_fd_sc_hd__a22oi_2)
     1    0.002241    0.085796    0.154021    2.243521 v _1521_/Y (sky130_fd_sc_hd__a22oi_2)
                                                         _0642_ (net)
                      0.085796    0.000000    2.243521 v _1522_/A2 (sky130_fd_sc_hd__a21o_2)
     1    0.002352    0.053967    0.375053    2.618574 v _1522_/X (sky130_fd_sc_hd__a21o_2)
                                                         _0643_ (net)
                      0.053967    0.000000    2.618574 v _1539_/C1 (sky130_fd_sc_hd__o211a_2)
     2    0.006554    0.063724    0.221058    2.839633 v _1539_/X (sky130_fd_sc_hd__o211a_2)
                                                         _0660_ (net)
                      0.063724    0.000000    2.839633 v _1540_/A (sky130_fd_sc_hd__inv_2)
     2    0.034930    0.259445    0.225897    3.065530 ^ _1540_/Y (sky130_fd_sc_hd__inv_2)
                                                         Result[12] (net)
                      0.259445    0.000000    3.065530 ^ Result[12] (out)
                                              3.065530   data arrival time

                      0.000000    0.000000    0.000000   clock __VIRTUAL_CLK__ (rise edge)
                                  0.000000    0.000000   clock network delay (ideal)
                                  0.250000    0.250000   clock uncertainty
                                  0.000000    0.250000   clock reconvergence pessimism
                                 -2.000000   -1.750000   output external delay
                                             -1.750000   data required time
---------------------------------------------------------------------------------------------
                                             -1.750000   data required time
                                             -3.065530   data arrival time
---------------------------------------------------------------------------------------------
                                              4.815530   slack (MET)


Startpoint: alu_opcode[1] (input port clocked by __VIRTUAL_CLK__)
Endpoint: Result[29] (output port clocked by __VIRTUAL_CLK__)
Path Group: __VIRTUAL_CLK__
Path Type: min

Fanout         Cap        Slew       Delay        Time   Description
---------------------------------------------------------------------------------------------
                      0.000000    0.000000    0.000000   clock __VIRTUAL_CLK__ (rise edge)
                                  0.000000    0.000000   clock network delay (ideal)
                                  2.000000    2.000000 ^ input external delay
     8    0.022800    0.172026    0.115737    2.115737 ^ alu_opcode[1] (in)
                                                         alu_opcode[1] (net)
                      0.172026    0.000000    2.115737 ^ _1281_/A1 (sky130_fd_sc_hd__a21oi_2)
    12    0.029935    0.145524    0.283060    2.398798 v _1281_/Y (sky130_fd_sc_hd__a21oi_2)
                                                         _0410_ (net)
                      0.145524    0.000000    2.398798 v _1959_/B1 (sky130_fd_sc_hd__o21ai_2)
     1    0.002377    0.069829    0.107742    2.506540 ^ _1959_/Y (sky130_fd_sc_hd__o21ai_2)
                                                         _0047_ (net)
                      0.069829    0.000000    2.506540 ^ _1972_/C1 (sky130_fd_sc_hd__o221a_2)
     2    0.006574    0.111787    0.394736    2.901276 ^ _1972_/X (sky130_fd_sc_hd__o221a_2)
                                                         _0061_ (net)
                      0.111787    0.000000    2.901276 ^ _1973_/B (sky130_fd_sc_hd__nor2_2)
     3    0.036288    0.159307    0.178931    3.080207 v _1973_/Y (sky130_fd_sc_hd__nor2_2)
                                                         Result[29] (net)
                      0.159307    0.000000    3.080207 v Result[29] (out)
                                              3.080207   data arrival time

                      0.000000    0.000000    0.000000   clock __VIRTUAL_CLK__ (rise edge)
                                  0.000000    0.000000   clock network delay (ideal)
                                  0.250000    0.250000   clock uncertainty
                                  0.000000    0.250000   clock reconvergence pessimism
                                 -2.000000   -1.750000   output external delay
                                             -1.750000   data required time
---------------------------------------------------------------------------------------------
                                             -1.750000   data required time
                                             -3.080207   data arrival time
---------------------------------------------------------------------------------------------
                                              4.830206   slack (MET)


Startpoint: alu_opcode[4] (input port clocked by __VIRTUAL_CLK__)
Endpoint: Result[13] (output port clocked by __VIRTUAL_CLK__)
Path Group: __VIRTUAL_CLK__
Path Type: min

Fanout         Cap        Slew       Delay        Time   Description
---------------------------------------------------------------------------------------------
                      0.000000    0.000000    0.000000   clock __VIRTUAL_CLK__ (rise edge)
                                  0.000000    0.000000   clock network delay (ideal)
                                  2.000000    2.000000 v input external delay
    19    0.061570    0.265479    0.188537    2.188537 v alu_opcode[4] (in)
                                                         alu_opcode[4] (net)
                      0.265479    0.000000    2.188537 v _1116_/B (sky130_fd_sc_hd__nand2_2)
     8    0.019497    0.177389    0.279960    2.468497 ^ _1116_/Y (sky130_fd_sc_hd__nand2_2)
                                                         _0249_ (net)
                      0.177389    0.000000    2.468497 ^ _1568_/A1 (sky130_fd_sc_hd__o211a_2)
     2    0.007236    0.116745    0.451823    2.920319 ^ _1568_/X (sky130_fd_sc_hd__o211a_2)
                                                         _0688_ (net)
                      0.116745    0.000000    2.920319 ^ _1569_/B (sky130_fd_sc_hd__nor2_2)
     2    0.034722    0.153261    0.176609    3.096928 v _1569_/Y (sky130_fd_sc_hd__nor2_2)
                                                         Result[13] (net)
                      0.153261    0.000000    3.096928 v Result[13] (out)
                                              3.096928   data arrival time

                      0.000000    0.000000    0.000000   clock __VIRTUAL_CLK__ (rise edge)
                                  0.000000    0.000000   clock network delay (ideal)
                                  0.250000    0.250000   clock uncertainty
                                  0.000000    0.250000   clock reconvergence pessimism
                                 -2.000000   -1.750000   output external delay
                                             -1.750000   data required time
---------------------------------------------------------------------------------------------
                                             -1.750000   data required time
                                             -3.096928   data arrival time
---------------------------------------------------------------------------------------------
                                              4.846928   slack (MET)


Startpoint: alu_opcode[3] (input port clocked by __VIRTUAL_CLK__)
Endpoint: Result[5] (output port clocked by __VIRTUAL_CLK__)
Path Group: __VIRTUAL_CLK__
Path Type: min

Fanout         Cap        Slew       Delay        Time   Description
---------------------------------------------------------------------------------------------
                      0.000000    0.000000    0.000000   clock __VIRTUAL_CLK__ (rise edge)
                                  0.000000    0.000000   clock network delay (ideal)
                                  2.000000    2.000000 v input external delay
    14    0.044463    0.192995    0.136266    2.136266 v alu_opcode[3] (in)
                                                         alu_opcode[3] (net)
                      0.192995    0.000000    2.136266 v _1016_/A (sky130_fd_sc_hd__inv_2)
     8    0.024177    0.188367    0.232924    2.369190 ^ _1016_/Y (sky130_fd_sc_hd__inv_2)
                                                         _0058_ (net)
                      0.188367    0.000000    2.369190 ^ _1336_/B1 (sky130_fd_sc_hd__a31o_2)
     1    0.002501    0.054532    0.214057    2.583247 ^ _1336_/X (sky130_fd_sc_hd__a31o_2)
                                                         _0464_ (net)
                      0.054532    0.000000    2.583247 ^ _1337_/A3 (sky130_fd_sc_hd__a31o_2)
     2    0.007163    0.107564    0.351881    2.935128 ^ _1337_/X (sky130_fd_sc_hd__a31o_2)
                                                         _0465_ (net)
                      0.107564    0.000000    2.935128 ^ _1338_/A (sky130_fd_sc_hd__inv_2)
     2    0.034722    0.151734    0.170212    3.105340 v _1338_/Y (sky130_fd_sc_hd__inv_2)
                                                         Result[5] (net)
                      0.151734    0.000000    3.105340 v Result[5] (out)
                                              3.105340   data arrival time

                      0.000000    0.000000    0.000000   clock __VIRTUAL_CLK__ (rise edge)
                                  0.000000    0.000000   clock network delay (ideal)
                                  0.250000    0.250000   clock uncertainty
                                  0.000000    0.250000   clock reconvergence pessimism
                                 -2.000000   -1.750000   output external delay
                                             -1.750000   data required time
---------------------------------------------------------------------------------------------
                                             -1.750000   data required time
                                             -3.105340   data arrival time
---------------------------------------------------------------------------------------------
                                              4.855340   slack (MET)


Startpoint: B[14] (input port clocked by __VIRTUAL_CLK__)
Endpoint: Result[14] (output port clocked by __VIRTUAL_CLK__)
Path Group: __VIRTUAL_CLK__
Path Type: min

Fanout         Cap        Slew       Delay        Time   Description
---------------------------------------------------------------------------------------------
                      0.000000    0.000000    0.000000   clock __VIRTUAL_CLK__ (rise edge)
                                  0.000000    0.000000   clock network delay (ideal)
                                  2.000000    2.000000 v input external delay
     6    0.022543    0.100118    0.069289    2.069289 v B[14] (in)
                                                         B[14] (net)
                      0.100118    0.000000    2.069289 v _1046_/A (sky130_fd_sc_hd__inv_2)
     1    0.002488    0.039953    0.075982    2.145271 ^ _1046_/Y (sky130_fd_sc_hd__inv_2)
                                                         _0179_ (net)
                      0.039953    0.000000    2.145271 ^ _1577_/A1 (sky130_fd_sc_hd__o221a_2)
     1    0.002476    0.076253    0.388797    2.534068 ^ _1577_/X (sky130_fd_sc_hd__o221a_2)
                                                         _0696_ (net)
                      0.076253    0.000000    2.534068 ^ _1595_/A2 (sky130_fd_sc_hd__o211a_2)
     2    0.007965    0.122630    0.395484    2.929552 ^ _1595_/X (sky130_fd_sc_hd__o211a_2)
                                                         _0714_ (net)
                      0.122630    0.000000    2.929552 ^ _1596_/A (sky130_fd_sc_hd__inv_2)
     2    0.034855    0.153405    0.177834    3.107386 v _1596_/Y (sky130_fd_sc_hd__inv_2)
                                                         Result[14] (net)
                      0.153405    0.000000    3.107386 v Result[14] (out)
                                              3.107386   data arrival time

                      0.000000    0.000000    0.000000   clock __VIRTUAL_CLK__ (rise edge)
                                  0.000000    0.000000   clock network delay (ideal)
                                  0.250000    0.250000   clock uncertainty
                                  0.000000    0.250000   clock reconvergence pessimism
                                 -2.000000   -1.750000   output external delay
                                             -1.750000   data required time
---------------------------------------------------------------------------------------------
                                             -1.750000   data required time
                                             -3.107386   data arrival time
---------------------------------------------------------------------------------------------
                                              4.857386   slack (MET)


Startpoint: alu_opcode[4] (input port clocked by __VIRTUAL_CLK__)
Endpoint: Result[21] (output port clocked by __VIRTUAL_CLK__)
Path Group: __VIRTUAL_CLK__
Path Type: min

Fanout         Cap        Slew       Delay        Time   Description
---------------------------------------------------------------------------------------------
                      0.000000    0.000000    0.000000   clock __VIRTUAL_CLK__ (rise edge)
                                  0.000000    0.000000   clock network delay (ideal)
                                  2.000000    2.000000 v input external delay
    19    0.061570    0.265479    0.188537    2.188537 v alu_opcode[4] (in)
                                                         alu_opcode[4] (net)
                      0.265479    0.000000    2.188537 v _1017_/A (sky130_fd_sc_hd__inv_2)
     7    0.023419    0.192815    0.261387    2.449924 ^ _1017_/Y (sky130_fd_sc_hd__inv_2)
                                                         _0068_ (net)
                      0.192815    0.000000    2.449924 ^ _1772_/A1 (sky130_fd_sc_hd__o221a_2)
     2    0.006574    0.111689    0.487644    2.937568 ^ _1772_/X (sky130_fd_sc_hd__o221a_2)
                                                         _0884_ (net)
                      0.111689    0.000000    2.937568 ^ _1773_/B (sky130_fd_sc_hd__nor2_2)
     3    0.038954    0.170097    0.186756    3.124323 v _1773_/Y (sky130_fd_sc_hd__nor2_2)
                                                         Result[21] (net)
                      0.170097    0.000000    3.124323 v Result[21] (out)
                                              3.124323   data arrival time

                      0.000000    0.000000    0.000000   clock __VIRTUAL_CLK__ (rise edge)
                                  0.000000    0.000000   clock network delay (ideal)
                                  0.250000    0.250000   clock uncertainty
                                  0.000000    0.250000   clock reconvergence pessimism
                                 -2.000000   -1.750000   output external delay
                                             -1.750000   data required time
---------------------------------------------------------------------------------------------
                                             -1.750000   data required time
                                             -3.124323   data arrival time
---------------------------------------------------------------------------------------------
                                              4.874323   slack (MET)


Startpoint: alu_opcode[3] (input port clocked by __VIRTUAL_CLK__)
Endpoint: Result[4] (output port clocked by __VIRTUAL_CLK__)
Path Group: __VIRTUAL_CLK__
Path Type: min

Fanout         Cap        Slew       Delay        Time   Description
---------------------------------------------------------------------------------------------
                      0.000000    0.000000    0.000000   clock __VIRTUAL_CLK__ (rise edge)
                                  0.000000    0.000000   clock network delay (ideal)
                                  2.000000    2.000000 v input external delay
    14    0.044463    0.192995    0.136266    2.136266 v alu_opcode[3] (in)
                                                         alu_opcode[3] (net)
                      0.192995    0.000000    2.136266 v _1302_/B1 (sky130_fd_sc_hd__o31a_2)
     1    0.004106    0.051463    0.265140    2.401406 v _1302_/X (sky130_fd_sc_hd__o31a_2)
                                                         _0431_ (net)
                      0.051463    0.000000    2.401406 v _1303_/B1 (sky130_fd_sc_hd__a311oi_2)
     2    0.007118    0.325450    0.459158    2.860564 ^ _1303_/Y (sky130_fd_sc_hd__a311oi_2)
                                                         _0432_ (net)
                      0.325450    0.000000    2.860564 ^ _1304_/B (sky130_fd_sc_hd__nor2_2)
     2    0.034811    0.177495    0.270840    3.131404 v _1304_/Y (sky130_fd_sc_hd__nor2_2)
                                                         Result[4] (net)
                      0.177495    0.000000    3.131404 v Result[4] (out)
                                              3.131404   data arrival time

                      0.000000    0.000000    0.000000   clock __VIRTUAL_CLK__ (rise edge)
                                  0.000000    0.000000   clock network delay (ideal)
                                  0.250000    0.250000   clock uncertainty
                                  0.000000    0.250000   clock reconvergence pessimism
                                 -2.000000   -1.750000   output external delay
                                             -1.750000   data required time
---------------------------------------------------------------------------------------------
                                             -1.750000   data required time
                                             -3.131404   data arrival time
---------------------------------------------------------------------------------------------
                                              4.881404   slack (MET)


Startpoint: A[23] (input port clocked by __VIRTUAL_CLK__)
Endpoint: Result[23] (output port clocked by __VIRTUAL_CLK__)
Path Group: __VIRTUAL_CLK__
Path Type: min

Fanout         Cap        Slew       Delay        Time   Description
---------------------------------------------------------------------------------------------
                      0.000000    0.000000    0.000000   clock __VIRTUAL_CLK__ (rise edge)
                                  0.000000    0.000000   clock network delay (ideal)
                                  2.000000    2.000000 v input external delay
    11    0.024362    0.107825    0.074847    2.074847 v A[23] (in)
                                                         A[23] (net)
                      0.107825    0.000000    2.074847 v _1041_/A (sky130_fd_sc_hd__inv_2)
     3    0.008681    0.080223    0.113372    2.188219 ^ _1041_/Y (sky130_fd_sc_hd__inv_2)
                                                         _0174_ (net)
                      0.080223    0.000000    2.188219 ^ _1804_/B2 (sky130_fd_sc_hd__o2bb2a_2)
     1    0.002432    0.066885    0.291358    2.479577 ^ _1804_/X (sky130_fd_sc_hd__o2bb2a_2)
                                                         _0914_ (net)
                      0.066885    0.000000    2.479577 ^ _1805_/A2 (sky130_fd_sc_hd__a21o_2)
     1    0.002491    0.050109    0.226831    2.706408 ^ _1805_/X (sky130_fd_sc_hd__a21o_2)
                                                         _0915_ (net)
                      0.050109    0.000000    2.706408 ^ _1822_/B1 (sky130_fd_sc_hd__o21a_2)
     2    0.006574    0.084480    0.256159    2.962567 ^ _1822_/X (sky130_fd_sc_hd__o21a_2)
                                                         _0932_ (net)
                      0.084480    0.000000    2.962567 ^ _1823_/B (sky130_fd_sc_hd__nor2_2)
     3    0.039083    0.169773    0.174286    3.136853 v _1823_/Y (sky130_fd_sc_hd__nor2_2)
                                                         Result[23] (net)
                      0.169773    0.000000    3.136853 v Result[23] (out)
                                              3.136853   data arrival time

                      0.000000    0.000000    0.000000   clock __VIRTUAL_CLK__ (rise edge)
                                  0.000000    0.000000   clock network delay (ideal)
                                  0.250000    0.250000   clock uncertainty
                                  0.000000    0.250000   clock reconvergence pessimism
                                 -2.000000   -1.750000   output external delay
                                             -1.750000   data required time
---------------------------------------------------------------------------------------------
                                             -1.750000   data required time
                                             -3.136853   data arrival time
---------------------------------------------------------------------------------------------
                                              4.886853   slack (MET)


Startpoint: alu_opcode[3] (input port clocked by __VIRTUAL_CLK__)
Endpoint: Result[3] (output port clocked by __VIRTUAL_CLK__)
Path Group: __VIRTUAL_CLK__
Path Type: min

Fanout         Cap        Slew       Delay        Time   Description
---------------------------------------------------------------------------------------------
                      0.000000    0.000000    0.000000   clock __VIRTUAL_CLK__ (rise edge)
                                  0.000000    0.000000   clock network delay (ideal)
                                  2.000000    2.000000 ^ input external delay
    14    0.047437    0.344620    0.237450    2.237450 ^ alu_opcode[3] (in)
                                                         alu_opcode[3] (net)
                      0.344620    0.000000    2.237450 ^ _1047_/A (sky130_fd_sc_hd__nor2_2)
     7    0.016561    0.123709    0.221982    2.459432 v _1047_/Y (sky130_fd_sc_hd__nor2_2)
                                                         _0180_ (net)
                      0.123709    0.000000    2.459432 v _1237_/A (sky130_fd_sc_hd__nand2_2)
     1    0.001386    0.045709    0.090159    2.549592 ^ _1237_/Y (sky130_fd_sc_hd__nand2_2)
                                                         _0367_ (net)
                      0.045709    0.000000    2.549592 ^ _1271_/A (sky130_fd_sc_hd__and3_2)
     2    0.013101    0.157781    0.401300    2.950891 ^ _1271_/X (sky130_fd_sc_hd__and3_2)
                                                         _0401_ (net)
                      0.157781    0.000000    2.950891 ^ _1272_/A (sky130_fd_sc_hd__inv_2)
     2    0.034738    0.155595    0.194335    3.145226 v _1272_/Y (sky130_fd_sc_hd__inv_2)
                                                         Result[3] (net)
                      0.155595    0.000000    3.145226 v Result[3] (out)
                                              3.145226   data arrival time

                      0.000000    0.000000    0.000000   clock __VIRTUAL_CLK__ (rise edge)
                                  0.000000    0.000000   clock network delay (ideal)
                                  0.250000    0.250000   clock uncertainty
                                  0.000000    0.250000   clock reconvergence pessimism
                                 -2.000000   -1.750000   output external delay
                                             -1.750000   data required time
---------------------------------------------------------------------------------------------
                                             -1.750000   data required time
                                             -3.145226   data arrival time
---------------------------------------------------------------------------------------------
                                              4.895226   slack (MET)


Startpoint: alu_opcode[3] (input port clocked by __VIRTUAL_CLK__)
Endpoint: Result[7] (output port clocked by __VIRTUAL_CLK__)
Path Group: __VIRTUAL_CLK__
Path Type: min

Fanout         Cap        Slew       Delay        Time   Description
---------------------------------------------------------------------------------------------
                      0.000000    0.000000    0.000000   clock __VIRTUAL_CLK__ (rise edge)
                                  0.000000    0.000000   clock network delay (ideal)
                                  2.000000    2.000000 v input external delay
    14    0.044463    0.192995    0.136266    2.136266 v alu_opcode[3] (in)
                                                         alu_opcode[3] (net)
                      0.192995    0.000000    2.136266 v _1016_/A (sky130_fd_sc_hd__inv_2)
     8    0.024177    0.188367    0.232924    2.369190 ^ _1016_/Y (sky130_fd_sc_hd__inv_2)
                                                         _0058_ (net)
                      0.188367    0.000000    2.369190 ^ _1400_/B1 (sky130_fd_sc_hd__a31o_2)
     1    0.002427    0.053926    0.213424    2.582614 ^ _1400_/X (sky130_fd_sc_hd__a31o_2)
                                                         _0526_ (net)
                      0.053926    0.000000    2.582614 ^ _1401_/B1 (sky130_fd_sc_hd__o211a_2)
     2    0.007236    0.116869    0.394049    2.976663 ^ _1401_/X (sky130_fd_sc_hd__o211a_2)
                                                         _0527_ (net)
                      0.116869    0.000000    2.976663 ^ _1402_/B (sky130_fd_sc_hd__nor2_2)
     2    0.034722    0.153265    0.176667    3.153331 v _1402_/Y (sky130_fd_sc_hd__nor2_2)
                                                         Result[7] (net)
                      0.153265    0.000000    3.153331 v Result[7] (out)
                                              3.153331   data arrival time

                      0.000000    0.000000    0.000000   clock __VIRTUAL_CLK__ (rise edge)
                                  0.000000    0.000000   clock network delay (ideal)
                                  0.250000    0.250000   clock uncertainty
                                  0.000000    0.250000   clock reconvergence pessimism
                                 -2.000000   -1.750000   output external delay
                                             -1.750000   data required time
---------------------------------------------------------------------------------------------
                                             -1.750000   data required time
                                             -3.153331   data arrival time
---------------------------------------------------------------------------------------------
                                              4.903330   slack (MET)


Startpoint: alu_opcode[4] (input port clocked by __VIRTUAL_CLK__)
Endpoint: Result[6] (output port clocked by __VIRTUAL_CLK__)
Path Group: __VIRTUAL_CLK__
Path Type: min

Fanout         Cap        Slew       Delay        Time   Description
---------------------------------------------------------------------------------------------
                      0.000000    0.000000    0.000000   clock __VIRTUAL_CLK__ (rise edge)
                                  0.000000    0.000000   clock network delay (ideal)
                                  2.000000    2.000000 v input external delay
    19    0.061570    0.265479    0.188537    2.188537 v alu_opcode[4] (in)
                                                         alu_opcode[4] (net)
                      0.265479    0.000000    2.188537 v _1116_/B (sky130_fd_sc_hd__nand2_2)
     8    0.019497    0.177389    0.279960    2.468497 ^ _1116_/Y (sky130_fd_sc_hd__nand2_2)
                                                         _0249_ (net)
                      0.177389    0.000000    2.468497 ^ _1360_/C1 (sky130_fd_sc_hd__a211o_2)
     1    0.001472    0.037548    0.197324    2.665821 ^ _1360_/X (sky130_fd_sc_hd__a211o_2)
                                                         _0487_ (net)
                      0.037548    0.000000    2.665821 ^ _1370_/B (sky130_fd_sc_hd__and3_2)
     2    0.007045    0.115051    0.367697    3.033518 ^ _1370_/X (sky130_fd_sc_hd__and3_2)
                                                         _0497_ (net)
                      0.115051    0.000000    3.033518 ^ _1371_/A (sky130_fd_sc_hd__inv_2)
     2    0.034811    0.152657    0.174068    3.207586 v _1371_/Y (sky130_fd_sc_hd__inv_2)
                                                         Result[6] (net)
                      0.152657    0.000000    3.207586 v Result[6] (out)
                                              3.207586   data arrival time

                      0.000000    0.000000    0.000000   clock __VIRTUAL_CLK__ (rise edge)
                                  0.000000    0.000000   clock network delay (ideal)
                                  0.250000    0.250000   clock uncertainty
                                  0.000000    0.250000   clock reconvergence pessimism
                                 -2.000000   -1.750000   output external delay
                                             -1.750000   data required time
---------------------------------------------------------------------------------------------
                                             -1.750000   data required time
                                             -3.207586   data arrival time
---------------------------------------------------------------------------------------------
                                              4.957586   slack (MET)


Startpoint: A[2] (input port clocked by __VIRTUAL_CLK__)
Endpoint: Result[2] (output port clocked by __VIRTUAL_CLK__)
Path Group: __VIRTUAL_CLK__
Path Type: min

Fanout         Cap        Slew       Delay        Time   Description
---------------------------------------------------------------------------------------------
                      0.000000    0.000000    0.000000   clock __VIRTUAL_CLK__ (rise edge)
                                  0.000000    0.000000   clock network delay (ideal)
                                  2.000000    2.000000 v input external delay
    11    0.024902    0.110113    0.076497    2.076497 v A[2] (in)
                                                         A[2] (net)
                      0.110113    0.000000    2.076497 v _1022_/A (sky130_fd_sc_hd__inv_2)
     4    0.013372    0.111242    0.138686    2.215183 ^ _1022_/Y (sky130_fd_sc_hd__inv_2)
                                                         _0121_ (net)
                      0.111242    0.000000    2.215183 ^ _1187_/A1 (sky130_fd_sc_hd__o21ai_2)
     1    0.008022    0.087138    0.157319    2.372502 v _1187_/Y (sky130_fd_sc_hd__o21ai_2)
                                                         _0318_ (net)
                      0.087138    0.000000    2.372502 v _1188_/B (sky130_fd_sc_hd__xor2_2)
     1    0.004334    0.062502    0.266469    2.638971 v _1188_/X (sky130_fd_sc_hd__xor2_2)
                                                         _0319_ (net)
                      0.062502    0.000000    2.638971 v _1190_/A1 (sky130_fd_sc_hd__a21oi_2)
     1    0.001459    0.089290    0.154954    2.793925 ^ _1190_/Y (sky130_fd_sc_hd__a21oi_2)
                                                         _0321_ (net)
                      0.089290    0.000000    2.793925 ^ _1225_/A (sky130_fd_sc_hd__or3b_2)
     3    0.043898    0.392493    0.445409    3.239334 ^ _1225_/X (sky130_fd_sc_hd__or3b_2)
                                                         Result[2] (net)
                      0.392493    0.000000    3.239334 ^ Result[2] (out)
                                              3.239334   data arrival time

                      0.000000    0.000000    0.000000   clock __VIRTUAL_CLK__ (rise edge)
                                  0.000000    0.000000   clock network delay (ideal)
                                  0.250000    0.250000   clock uncertainty
                                  0.000000    0.250000   clock reconvergence pessimism
                                 -2.000000   -1.750000   output external delay
                                             -1.750000   data required time
---------------------------------------------------------------------------------------------
                                             -1.750000   data required time
                                             -3.239334   data arrival time
---------------------------------------------------------------------------------------------
                                              4.989334   slack (MET)


Startpoint: alu_opcode[4] (input port clocked by __VIRTUAL_CLK__)
Endpoint: Result[17] (output port clocked by __VIRTUAL_CLK__)
Path Group: __VIRTUAL_CLK__
Path Type: min

Fanout         Cap        Slew       Delay        Time   Description
---------------------------------------------------------------------------------------------
                      0.000000    0.000000    0.000000   clock __VIRTUAL_CLK__ (rise edge)
                                  0.000000    0.000000   clock network delay (ideal)
                                  2.000000    2.000000 v input external delay
    19    0.061570    0.265479    0.188537    2.188537 v alu_opcode[4] (in)
                                                         alu_opcode[4] (net)
                      0.265479    0.000000    2.188537 v _1017_/A (sky130_fd_sc_hd__inv_2)
     7    0.023419    0.192815    0.261387    2.449924 ^ _1017_/Y (sky130_fd_sc_hd__inv_2)
                                                         _0068_ (net)
                      0.192815    0.000000    2.449924 ^ _1674_/A1 (sky130_fd_sc_hd__o211a_2)
     2    0.006108    0.107763    0.448310    2.898234 ^ _1674_/X (sky130_fd_sc_hd__o211a_2)
                                                         _0790_ (net)
                      0.107763    0.000000    2.898234 ^ _1675_/B (sky130_fd_sc_hd__or2_2)
     2    0.009226    0.097580    0.230278    3.128512 ^ _1675_/X (sky130_fd_sc_hd__or2_2)
                                                         _0791_ (net)
                      0.097580    0.000000    3.128512 ^ _1676_/A (sky130_fd_sc_hd__inv_2)
     1    0.033442    0.145798    0.161592    3.290104 v _1676_/Y (sky130_fd_sc_hd__inv_2)
                                                         Result[17] (net)
                      0.145798    0.000000    3.290104 v Result[17] (out)
                                              3.290104   data arrival time

                      0.000000    0.000000    0.000000   clock __VIRTUAL_CLK__ (rise edge)
                                  0.000000    0.000000   clock network delay (ideal)
                                  0.250000    0.250000   clock uncertainty
                                  0.000000    0.250000   clock reconvergence pessimism
                                 -2.000000   -1.750000   output external delay
                                             -1.750000   data required time
---------------------------------------------------------------------------------------------
                                             -1.750000   data required time
                                             -3.290104   data arrival time
---------------------------------------------------------------------------------------------
                                              5.040103   slack (MET)


Startpoint: B[31] (input port clocked by __VIRTUAL_CLK__)
Endpoint: Result[31] (output port clocked by __VIRTUAL_CLK__)
Path Group: __VIRTUAL_CLK__
Path Type: min

Fanout         Cap        Slew       Delay        Time   Description
---------------------------------------------------------------------------------------------
                      0.000000    0.000000    0.000000   clock __VIRTUAL_CLK__ (rise edge)
                                  0.000000    0.000000   clock network delay (ideal)
                                  2.000000    2.000000 ^ input external delay
     6    0.021655    0.164005    0.110081    2.110081 ^ B[31] (in)
                                                         B[31] (net)
                      0.164005    0.000000    2.110081 ^ _2004_/A1 (sky130_fd_sc_hd__a221o_2)
     1    0.002512    0.053326    0.317949    2.428029 ^ _2004_/X (sky130_fd_sc_hd__a221o_2)
                                                         _0094_ (net)
                      0.053326    0.000000    2.428029 ^ _2017_/A2 (sky130_fd_sc_hd__a211o_2)
     4    0.048369    0.365030    0.492846    2.920876 ^ _2017_/X (sky130_fd_sc_hd__a211o_2)
                                                         N (net)
                      0.365030    0.000000    2.920876 ^ _2068_/A (sky130_fd_sc_hd__buf_2)
     1    0.033442    0.271016    0.466431    3.387306 ^ _2068_/X (sky130_fd_sc_hd__buf_2)
                                                         Result[31] (net)
                      0.271016    0.000000    3.387306 ^ Result[31] (out)
                                              3.387306   data arrival time

                      0.000000    0.000000    0.000000   clock __VIRTUAL_CLK__ (rise edge)
                                  0.000000    0.000000   clock network delay (ideal)
                                  0.250000    0.250000   clock uncertainty
                                  0.000000    0.250000   clock reconvergence pessimism
                                 -2.000000   -1.750000   output external delay
                                             -1.750000   data required time
---------------------------------------------------------------------------------------------
                                             -1.750000   data required time
                                             -3.387306   data arrival time
---------------------------------------------------------------------------------------------
                                              5.137307   slack (MET)


Startpoint: alu_opcode[3] (input port clocked by __VIRTUAL_CLK__)
Endpoint: Z (output port clocked by __VIRTUAL_CLK__)
Path Group: __VIRTUAL_CLK__
Path Type: min

Fanout         Cap        Slew       Delay        Time   Description
---------------------------------------------------------------------------------------------
                      0.000000    0.000000    0.000000   clock __VIRTUAL_CLK__ (rise edge)
                                  0.000000    0.000000   clock network delay (ideal)
                                  2.000000    2.000000 v input external delay
    14    0.044463    0.192995    0.136266    2.136266 v alu_opcode[3] (in)
                                                         alu_opcode[3] (net)
                      0.192995    0.000000    2.136266 v _1050_/A (sky130_fd_sc_hd__nand2_2)
     5    0.016515    0.157007    0.214601    2.350868 ^ _1050_/Y (sky130_fd_sc_hd__nand2_2)
                                                         _0183_ (net)
                      0.157007    0.000000    2.350868 ^ _1874_/A (sky130_fd_sc_hd__nand2_2)
     2    0.008541    0.092900    0.146492    2.497360 v _1874_/Y (sky130_fd_sc_hd__nand2_2)
                                                         _0982_ (net)
                      0.092900    0.000000    2.497360 v _2022_/B (sky130_fd_sc_hd__nand2_2)
     2    0.002832    0.048313    0.102613    2.599973 ^ _2022_/Y (sky130_fd_sc_hd__nand2_2)
                                                         _0113_ (net)
                      0.048313    0.000000    2.599973 ^ _2062_/C (sky130_fd_sc_hd__or4_2)
     1    0.004694    0.063973    0.187009    2.786982 ^ _2062_/X (sky130_fd_sc_hd__or4_2)
                                                         _0156_ (net)
                      0.063973    0.000000    2.786982 ^ _2063_/B (sky130_fd_sc_hd__nor4b_2)
     1    0.001421    0.044207    0.067355    2.854337 v _2063_/Y (sky130_fd_sc_hd__nor4b_2)
                                                         _0157_ (net)
                      0.044207    0.000000    2.854337 v _2064_/D (sky130_fd_sc_hd__and4bb_2)
     1    0.033442    0.204088    0.613473    3.467810 v _2064_/X (sky130_fd_sc_hd__and4bb_2)
                                                         Z (net)
                      0.204088    0.000000    3.467810 v Z (out)
                                              3.467810   data arrival time

                      0.000000    0.000000    0.000000   clock __VIRTUAL_CLK__ (rise edge)
                                  0.000000    0.000000   clock network delay (ideal)
                                  0.250000    0.250000   clock uncertainty
                                  0.000000    0.250000   clock reconvergence pessimism
                                 -2.000000   -1.750000   output external delay
                                             -1.750000   data required time
---------------------------------------------------------------------------------------------
                                             -1.750000   data required time
                                             -3.467810   data arrival time
---------------------------------------------------------------------------------------------
                                              5.217810   slack (MET)


Startpoint: B[31] (input port clocked by __VIRTUAL_CLK__)
Endpoint: P (output port clocked by __VIRTUAL_CLK__)
Path Group: __VIRTUAL_CLK__
Path Type: min

Fanout         Cap        Slew       Delay        Time   Description
---------------------------------------------------------------------------------------------
                      0.000000    0.000000    0.000000   clock __VIRTUAL_CLK__ (rise edge)
                                  0.000000    0.000000   clock network delay (ideal)
                                  2.000000    2.000000 ^ input external delay
     6    0.021655    0.164005    0.110081    2.110081 ^ B[31] (in)
                                                         B[31] (net)
                      0.164005    0.000000    2.110081 ^ _2004_/A1 (sky130_fd_sc_hd__a221o_2)
     1    0.002512    0.053326    0.317949    2.428029 ^ _2004_/X (sky130_fd_sc_hd__a221o_2)
                                                         _0094_ (net)
                      0.053326    0.000000    2.428029 ^ _2017_/A2 (sky130_fd_sc_hd__a211o_2)
     4    0.048369    0.365030    0.492846    2.920876 ^ _2017_/X (sky130_fd_sc_hd__a211o_2)
                                                         N (net)
                      0.365030    0.000000    2.920876 ^ _2019_/B (sky130_fd_sc_hd__xnor2_2)
     1    0.009061    0.105663    0.322838    3.243713 ^ _2019_/Y (sky130_fd_sc_hd__xnor2_2)
                                                         _0109_ (net)
                      0.105663    0.000000    3.243713 ^ _2055_/A (sky130_fd_sc_hd__xnor2_2)
     1    0.033442    0.320828    0.342017    3.585730 v _2055_/Y (sky130_fd_sc_hd__xnor2_2)
                                                         P (net)
                      0.320828    0.000000    3.585730 v P (out)
                                              3.585730   data arrival time

                      0.000000    0.000000    0.000000   clock __VIRTUAL_CLK__ (rise edge)
                                  0.000000    0.000000   clock network delay (ideal)
                                  0.250000    0.250000   clock uncertainty
                                  0.000000    0.250000   clock reconvergence pessimism
                                 -2.000000   -1.750000   output external delay
                                             -1.750000   data required time
---------------------------------------------------------------------------------------------
                                             -1.750000   data required time
                                             -3.585730   data arrival time
---------------------------------------------------------------------------------------------
                                              5.335730   slack (MET)



