
===========================================================================
Violator List
============================================================================
[setup in-out] B[4] -> Z : -11.472601
[setup in-out] B[4] -> P : -11.464685
[setup in-out] B[4] -> Result[31] : -10.620996
[setup in-out] B[4] -> N : -10.518750
[setup in-out] B[4] -> Result[30] : -10.113285
[setup in-out] B[4] -> V : -9.894734
[setup in-out] B[4] -> C : -9.691710
[setup in-out] B[4] -> Result[29] : -9.246326
[setup in-out] B[4] -> Result[28] : -8.892799
[setup in-out] B[4] -> Result[27] : -8.595130
[setup in-out] B[4] -> Result[26] : -8.498871
[setup in-out] B[4] -> Result[25] : -7.982632
[setup in-out] B[4] -> Result[24] : -7.916965
[setup in-out] B[4] -> Result[18] : -7.431117
[setup in-out] B[4] -> Result[23] : -7.183410
[setup in-out] B[4] -> Result[22] : -6.922020
[setup in-out] B[4] -> Result[21] : -6.816560
[setup in-out] B[4] -> Result[20] : -6.506287
[setup in-out] B[4] -> Result[19] : -5.527689
[setup in-out] B[4] -> Result[17] : -5.469772
[setup in-out] B[4] -> Result[16] : -5.026827
[setup in-out] B[4] -> Result[15] : -4.419997
[setup in-out] B[4] -> Result[14] : -4.185459
[setup in-out] B[4] -> Result[13] : -3.850530
[setup in-out] B[4] -> Result[12] : -2.954209
[setup in-out] B[4] -> Result[10] : -2.888553
[setup in-out] B[4] -> Result[11] : -2.505689
[setup in-out] alu_opcode[0] -> Result[8] : -1.694492
[setup in-out] B[4] -> Result[9] : -1.653236
[setup in-out] alu_opcode[0] -> Result[7] : -1.258691
[setup in-out] alu_opcode[0] -> Result[6] : -0.969862
[setup in-out] alu_opcode[3] -> Result[0] : -0.842939
[setup in-out] alu_opcode[0] -> Result[5] : -0.804129
[setup in-out] alu_opcode[3] -> Result[3] : -0.712237
[setup in-out] alu_opcode[3] -> Result[4] : -0.698437
[setup in-out] alu_opcode[3] -> Result[1] : -0.612413
[setup in-out] B[1] -> Result[2] : -0.445650
