
===========================================================================
 report_power
============================================================================
======================= min_ss_100C_1v60 Corner ===================================

Group                    Internal    Switching      Leakage        Total
                            Power        Power        Power        Power (Watts)
------------------------------------------------------------------------
Sequential           0.000000e+00 0.000000e+00 0.000000e+00 0.000000e+00   0.0%
Combinational        2.817290e-04 3.488716e-04 6.937764e-06 6.375383e-04 100.0%
Clock                -1.338084e-11 0.000000e+00 2.187011e-09 2.173630e-09   0.0%
Macro                0.000000e+00 0.000000e+00 0.000000e+00 0.000000e+00   0.0%
Pad                  0.000000e+00 0.000000e+00 0.000000e+00 0.000000e+00   0.0%
------------------------------------------------------------------------
Total                2.817290e-04 3.488716e-04 6.939951e-06 6.375405e-04 100.0%
                            44.2%        54.7%         1.1%

