
===========================================================================
report_checks -unconstrained
===========================================================================
======================= max_tt_025C_1v80 Corner ===================================

Startpoint: B[4] (input port clocked by __VIRTUAL_CLK__)
Endpoint: P (output port clocked by __VIRTUAL_CLK__)
Path Group: __VIRTUAL_CLK__
Path Type: max

Fanout         Cap        Slew       Delay        Time   Description
---------------------------------------------------------------------------------------------
                      0.000000    0.000000    0.000000   clock __VIRTUAL_CLK__ (rise edge)
                                  0.000000    0.000000   clock network delay (ideal)
                                  2.000000    2.000000 ^ input external delay
     1    0.003108    0.021059    0.011439    2.011439 ^ B[4] (in)
                                                         B[4] (net)
                      0.021067    0.000000    2.011439 ^ input59/A (sky130_fd_sc_hd__buf_1)
     1    0.018418    0.220465    0.194628    2.206067 ^ input59/X (sky130_fd_sc_hd__buf_1)
                                                         net59 (net)
                      0.220493    0.002072    2.208139 ^ fanout192/A (sky130_fd_sc_hd__buf_2)
     8    0.046457    0.228385    0.289481    2.497620 ^ fanout192/X (sky130_fd_sc_hd__buf_2)
                                                         net192 (net)
                      0.228411    0.002047    2.499667 ^ fanout191/A (sky130_fd_sc_hd__clkbuf_4)
    10    0.054536    0.168777    0.288474    2.788141 ^ fanout191/X (sky130_fd_sc_hd__clkbuf_4)
                                                         net191 (net)
                      0.169200    0.006151    2.794291 ^ fanout190/A (sky130_fd_sc_hd__buf_2)
    10    0.037373    0.184854    0.249018    3.043309 ^ fanout190/X (sky130_fd_sc_hd__buf_2)
                                                         net190 (net)
                      0.184869    0.001772    3.045081 ^ _1018_/A (sky130_fd_sc_hd__inv_2)
     4    0.019309    0.070681    0.093269    3.138350 v _1018_/Y (sky130_fd_sc_hd__inv_2)
                                                         _0079_ (net)
                      0.070686    0.000502    3.138851 v fanout181/A (sky130_fd_sc_hd__buf_2)
    10    0.041242    0.102145    0.201323    3.340175 v fanout181/X (sky130_fd_sc_hd__buf_2)
                                                         net181 (net)
                      0.102601    0.005216    3.345391 v _1274_/A (sky130_fd_sc_hd__nor2_2)
     2    0.022324    0.256319    0.260054    3.605444 ^ _1274_/Y (sky130_fd_sc_hd__nor2_2)
                                                         _0403_ (net)
                      0.256337    0.001782    3.607226 ^ fanout112/A (sky130_fd_sc_hd__buf_6)
    10    0.053434    0.114276    0.202939    3.810166 ^ fanout112/X (sky130_fd_sc_hd__buf_6)
                                                         net112 (net)
                      0.114335    0.002166    3.812331 ^ _1275_/C1 (sky130_fd_sc_hd__a211o_1)
     2    0.006295    0.068011    0.128469    3.940801 ^ _1275_/X (sky130_fd_sc_hd__a211o_1)
                                                         _0404_ (net)
                      0.068011    0.000219    3.941020 ^ _1277_/C (sky130_fd_sc_hd__and3_1)
     2    0.006988    0.087731    0.183228    4.124248 ^ _1277_/X (sky130_fd_sc_hd__and3_1)
                                                         _0406_ (net)
                      0.087731    0.000247    4.124495 ^ _1278_/B (sky130_fd_sc_hd__nor2_1)
     2    0.008376    0.058246    0.069091    4.193586 v _1278_/Y (sky130_fd_sc_hd__nor2_1)
                                                         _0407_ (net)
                      0.058247    0.000367    4.193953 v _1305_/A1 (sky130_fd_sc_hd__a21o_1)
     2    0.015638    0.085523    0.207897    4.401850 v _1305_/X (sky130_fd_sc_hd__a21o_1)
                                                         _0433_ (net)
                      0.085537    0.001112    4.402963 v _1339_/B2 (sky130_fd_sc_hd__a2bb2o_4)
     2    0.010400    0.042007    0.224956    4.627918 v _1339_/X (sky130_fd_sc_hd__a2bb2o_4)
                                                         _0466_ (net)
                      0.042009    0.000653    4.628572 v _1372_/B2 (sky130_fd_sc_hd__a2bb2o_4)
     2    0.011798    0.043981    0.210269    4.838840 v _1372_/X (sky130_fd_sc_hd__a2bb2o_4)
                                                         _0498_ (net)
                      0.044028    0.000822    4.839663 v _1403_/B2 (sky130_fd_sc_hd__a2bb2o_4)
     2    0.010786    0.042578    0.208973    5.048635 v _1403_/X (sky130_fd_sc_hd__a2bb2o_4)
                                                         _0528_ (net)
                      0.042582    0.000746    5.049382 v _1430_/B2 (sky130_fd_sc_hd__a2bb2o_4)
     2    0.009033    0.040222    0.204936    5.254317 v _1430_/X (sky130_fd_sc_hd__a2bb2o_4)
                                                         _0554_ (net)
                      0.040222    0.000516    5.254833 v _1458_/A2 (sky130_fd_sc_hd__a21o_1)
     2    0.005590    0.044817    0.182709    5.437541 v _1458_/X (sky130_fd_sc_hd__a21o_1)
                                                         _0581_ (net)
                      0.044817    0.000217    5.437758 v _1487_/A2 (sky130_fd_sc_hd__a21o_1)
     2    0.009825    0.061843    0.203946    5.641704 v _1487_/X (sky130_fd_sc_hd__a21o_1)
                                                         _0609_ (net)
                      0.061846    0.000500    5.642205 v _1514_/B2 (sky130_fd_sc_hd__a2bb2o_4)
     2    0.008284    0.039316    0.211239    5.853443 v _1514_/X (sky130_fd_sc_hd__a2bb2o_4)
                                                         _0635_ (net)
                      0.039316    0.000314    5.853757 v _1541_/A2 (sky130_fd_sc_hd__a21o_1)
     2    0.007958    0.055637    0.193154    6.046911 v _1541_/X (sky130_fd_sc_hd__a21o_1)
                                                         _0661_ (net)
                      0.055642    0.000591    6.047502 v _1570_/B2 (sky130_fd_sc_hd__a2bb2o_4)
     2    0.005130    0.035536    0.202288    6.249790 v _1570_/X (sky130_fd_sc_hd__a2bb2o_4)
                                                         _0689_ (net)
                      0.035536    0.000205    6.249995 v _1597_/A2 (sky130_fd_sc_hd__a21o_1)
     2    0.006154    0.047331    0.183309    6.433304 v _1597_/X (sky130_fd_sc_hd__a21o_1)
                                                         _0715_ (net)
                      0.047333    0.000384    6.433689 v _1625_/B2 (sky130_fd_sc_hd__a2bb2o_4)
     2    0.011489    0.043604    0.211668    6.645357 v _1625_/X (sky130_fd_sc_hd__a2bb2o_4)
                                                         _0742_ (net)
                      0.043670    0.001174    6.646531 v _1651_/B2 (sky130_fd_sc_hd__a2bb2o_4)
     2    0.006855    0.037626    0.200951    6.847482 v _1651_/X (sky130_fd_sc_hd__a2bb2o_4)
                                                         _0767_ (net)
                      0.037626    0.000417    6.847899 v _1677_/A2 (sky130_fd_sc_hd__a21o_1)
     2    0.005803    0.045732    0.182620    7.030519 v _1677_/X (sky130_fd_sc_hd__a21o_1)
                                                         _0792_ (net)
                      0.045732    0.000222    7.030741 v _1700_/B1 (sky130_fd_sc_hd__a32o_2)
     2    0.015494    0.068503    0.251750    7.282490 v _1700_/X (sky130_fd_sc_hd__a32o_2)
                                                         _0814_ (net)
                      0.068574    0.001257    7.283747 v _1725_/B2 (sky130_fd_sc_hd__a2bb2o_4)
     2    0.007340    0.038186    0.212010    7.495757 v _1725_/X (sky130_fd_sc_hd__a2bb2o_4)
                                                         _0838_ (net)
                      0.038186    0.000281    7.496038 v _1750_/B2 (sky130_fd_sc_hd__a2bb2o_4)
     2    0.005596    0.036120    0.196171    7.692209 v _1750_/X (sky130_fd_sc_hd__a2bb2o_4)
                                                         _0862_ (net)
                      0.036120    0.000203    7.692412 v _1774_/A2 (sky130_fd_sc_hd__a21o_1)
     2    0.009531    0.060696    0.199211    7.891623 v _1774_/X (sky130_fd_sc_hd__a21o_1)
                                                         _0885_ (net)
                      0.060699    0.000491    7.892115 v _1797_/B2 (sky130_fd_sc_hd__a2bb2o_4)
     2    0.012440    0.044950    0.219080    8.111195 v _1797_/X (sky130_fd_sc_hd__a2bb2o_4)
                                                         _0907_ (net)
                      0.045001    0.000856    8.112051 v _1824_/B2 (sky130_fd_sc_hd__a2bb2o_4)
     2    0.006088    0.036705    0.199918    8.311969 v _1824_/X (sky130_fd_sc_hd__a2bb2o_4)
                                                         _0933_ (net)
                      0.036705    0.000360    8.312329 v _1849_/A2 (sky130_fd_sc_hd__a21o_1)
     2    0.012362    0.072085    0.209530    8.521859 v _1849_/X (sky130_fd_sc_hd__a21o_1)
                                                         _0957_ (net)
                      0.072095    0.000849    8.522708 v _1876_/B2 (sky130_fd_sc_hd__a2bb2o_4)
     2    0.011199    0.043125    0.221134    8.743842 v _1876_/X (sky130_fd_sc_hd__a2bb2o_4)
                                                         _0983_ (net)
                      0.043165    0.000760    8.744602 v _1902_/B2 (sky130_fd_sc_hd__a2bb2o_4)
     2    0.011323    0.043309    0.209732    8.954334 v _1902_/X (sky130_fd_sc_hd__a2bb2o_4)
                                                         _1008_ (net)
                      0.043353    0.000814    8.955148 v _1926_/B2 (sky130_fd_sc_hd__a2bb2o_4)
     2    0.013638    0.046936    0.214436    9.169584 v _1926_/X (sky130_fd_sc_hd__a2bb2o_4)
                                                         _0015_ (net)
                      0.046964    0.001046    9.170630 v _1950_/A2 (sky130_fd_sc_hd__a21o_1)
     2    0.008741    0.058495    0.200020    9.370650 v _1950_/X (sky130_fd_sc_hd__a21o_1)
                                                         _0038_ (net)
                      0.058499    0.000571    9.371222 v _1974_/A2 (sky130_fd_sc_hd__a21o_1)
     2    0.015167    0.083567    0.228692    9.599914 v _1974_/X (sky130_fd_sc_hd__a21o_1)
                                                         _0062_ (net)
                      0.083578    0.000966    9.600880 v _1997_/A2 (sky130_fd_sc_hd__a21oi_4)
     3    0.013596    0.145232    0.191326    9.792206 ^ _1997_/Y (sky130_fd_sc_hd__a21oi_4)
                                                         _0086_ (net)
                      0.145233    0.000670    9.792875 ^ _2003_/B (sky130_fd_sc_hd__xor2_1)
     1    0.002872    0.057503    0.083318    9.876193 v _2003_/X (sky130_fd_sc_hd__xor2_1)
                                                         _0093_ (net)
                      0.057503    0.000195    9.876388 v _2004_/C1 (sky130_fd_sc_hd__a221o_1)
     1    0.004531    0.060392    0.271095   10.147483 v _2004_/X (sky130_fd_sc_hd__a221o_1)
                                                         _0094_ (net)
                      0.060423    0.000216   10.147699 v _2017_/A1 (sky130_fd_sc_hd__a211o_4)
     4    0.050107    0.117053    0.405342   10.553041 v _2017_/X (sky130_fd_sc_hd__a211o_4)
                                                         net71 (net)
                      0.117121    0.002565   10.555606 v _2019_/B (sky130_fd_sc_hd__xnor2_2)
     1    0.008417    0.075288    0.169402   10.725008 v _2019_/Y (sky130_fd_sc_hd__xnor2_2)
                                                         _0109_ (net)
                      0.075290    0.000641   10.725649 v _2055_/B (sky130_fd_sc_hd__xnor2_2)
     1    0.031431    0.419524    0.356875   11.082523 ^ _2055_/Y (sky130_fd_sc_hd__xnor2_2)
                                                         net72 (net)
                      0.419611    0.004913   11.087436 ^ output72/A (sky130_fd_sc_hd__buf_6)
     1    0.034174    0.080784    0.199482   11.286919 ^ output72/X (sky130_fd_sc_hd__buf_6)
                                                         P (net)
                      0.080827    0.001712   11.288630 ^ P (out)
                                             11.288630   data arrival time

                      0.000000   10.000000   10.000000   clock __VIRTUAL_CLK__ (rise edge)
                                  0.000000   10.000000   clock network delay (ideal)
                                 -0.250000    9.750000   clock uncertainty
                                  0.000000    9.750000   clock reconvergence pessimism
                                 -2.000000    7.750000   output external delay
                                              7.750000   data required time
---------------------------------------------------------------------------------------------
                                              7.750000   data required time
                                            -11.288630   data arrival time
---------------------------------------------------------------------------------------------
                                             -3.538630   slack (VIOLATED)




===========================================================================
report_checks --slack_max -0.01
============================================================================
======================= max_tt_025C_1v80 Corner ===================================

Startpoint: B[4] (input port clocked by __VIRTUAL_CLK__)
Endpoint: P (output port clocked by __VIRTUAL_CLK__)
Path Group: __VIRTUAL_CLK__
Path Type: max

Fanout         Cap        Slew       Delay        Time   Description
---------------------------------------------------------------------------------------------
                      0.000000    0.000000    0.000000   clock __VIRTUAL_CLK__ (rise edge)
                                  0.000000    0.000000   clock network delay (ideal)
                                  2.000000    2.000000 ^ input external delay
     1    0.003108    0.021059    0.011439    2.011439 ^ B[4] (in)
                                                         B[4] (net)
                      0.021067    0.000000    2.011439 ^ input59/A (sky130_fd_sc_hd__buf_1)
     1    0.018418    0.220465    0.194628    2.206067 ^ input59/X (sky130_fd_sc_hd__buf_1)
                                                         net59 (net)
                      0.220493    0.002072    2.208139 ^ fanout192/A (sky130_fd_sc_hd__buf_2)
     8    0.046457    0.228385    0.289481    2.497620 ^ fanout192/X (sky130_fd_sc_hd__buf_2)
                                                         net192 (net)
                      0.228411    0.002047    2.499667 ^ fanout191/A (sky130_fd_sc_hd__clkbuf_4)
    10    0.054536    0.168777    0.288474    2.788141 ^ fanout191/X (sky130_fd_sc_hd__clkbuf_4)
                                                         net191 (net)
                      0.169200    0.006151    2.794291 ^ fanout190/A (sky130_fd_sc_hd__buf_2)
    10    0.037373    0.184854    0.249018    3.043309 ^ fanout190/X (sky130_fd_sc_hd__buf_2)
                                                         net190 (net)
                      0.184869    0.001772    3.045081 ^ _1018_/A (sky130_fd_sc_hd__inv_2)
     4    0.019309    0.070681    0.093269    3.138350 v _1018_/Y (sky130_fd_sc_hd__inv_2)
                                                         _0079_ (net)
                      0.070686    0.000502    3.138851 v fanout181/A (sky130_fd_sc_hd__buf_2)
    10    0.041242    0.102145    0.201323    3.340175 v fanout181/X (sky130_fd_sc_hd__buf_2)
                                                         net181 (net)
                      0.102601    0.005216    3.345391 v _1274_/A (sky130_fd_sc_hd__nor2_2)
     2    0.022324    0.256319    0.260054    3.605444 ^ _1274_/Y (sky130_fd_sc_hd__nor2_2)
                                                         _0403_ (net)
                      0.256337    0.001782    3.607226 ^ fanout112/A (sky130_fd_sc_hd__buf_6)
    10    0.053434    0.114276    0.202939    3.810166 ^ fanout112/X (sky130_fd_sc_hd__buf_6)
                                                         net112 (net)
                      0.114335    0.002166    3.812331 ^ _1275_/C1 (sky130_fd_sc_hd__a211o_1)
     2    0.006295    0.068011    0.128469    3.940801 ^ _1275_/X (sky130_fd_sc_hd__a211o_1)
                                                         _0404_ (net)
                      0.068011    0.000219    3.941020 ^ _1277_/C (sky130_fd_sc_hd__and3_1)
     2    0.006988    0.087731    0.183228    4.124248 ^ _1277_/X (sky130_fd_sc_hd__and3_1)
                                                         _0406_ (net)
                      0.087731    0.000247    4.124495 ^ _1278_/B (sky130_fd_sc_hd__nor2_1)
     2    0.008376    0.058246    0.069091    4.193586 v _1278_/Y (sky130_fd_sc_hd__nor2_1)
                                                         _0407_ (net)
                      0.058247    0.000367    4.193953 v _1305_/A1 (sky130_fd_sc_hd__a21o_1)
     2    0.015638    0.085523    0.207897    4.401850 v _1305_/X (sky130_fd_sc_hd__a21o_1)
                                                         _0433_ (net)
                      0.085537    0.001112    4.402963 v _1339_/B2 (sky130_fd_sc_hd__a2bb2o_4)
     2    0.010400    0.042007    0.224956    4.627918 v _1339_/X (sky130_fd_sc_hd__a2bb2o_4)
                                                         _0466_ (net)
                      0.042009    0.000653    4.628572 v _1372_/B2 (sky130_fd_sc_hd__a2bb2o_4)
     2    0.011798    0.043981    0.210269    4.838840 v _1372_/X (sky130_fd_sc_hd__a2bb2o_4)
                                                         _0498_ (net)
                      0.044028    0.000822    4.839663 v _1403_/B2 (sky130_fd_sc_hd__a2bb2o_4)
     2    0.010786    0.042578    0.208973    5.048635 v _1403_/X (sky130_fd_sc_hd__a2bb2o_4)
                                                         _0528_ (net)
                      0.042582    0.000746    5.049382 v _1430_/B2 (sky130_fd_sc_hd__a2bb2o_4)
     2    0.009033    0.040222    0.204936    5.254317 v _1430_/X (sky130_fd_sc_hd__a2bb2o_4)
                                                         _0554_ (net)
                      0.040222    0.000516    5.254833 v _1458_/A2 (sky130_fd_sc_hd__a21o_1)
     2    0.005590    0.044817    0.182709    5.437541 v _1458_/X (sky130_fd_sc_hd__a21o_1)
                                                         _0581_ (net)
                      0.044817    0.000217    5.437758 v _1487_/A2 (sky130_fd_sc_hd__a21o_1)
     2    0.009825    0.061843    0.203946    5.641704 v _1487_/X (sky130_fd_sc_hd__a21o_1)
                                                         _0609_ (net)
                      0.061846    0.000500    5.642205 v _1514_/B2 (sky130_fd_sc_hd__a2bb2o_4)
     2    0.008284    0.039316    0.211239    5.853443 v _1514_/X (sky130_fd_sc_hd__a2bb2o_4)
                                                         _0635_ (net)
                      0.039316    0.000314    5.853757 v _1541_/A2 (sky130_fd_sc_hd__a21o_1)
     2    0.007958    0.055637    0.193154    6.046911 v _1541_/X (sky130_fd_sc_hd__a21o_1)
                                                         _0661_ (net)
                      0.055642    0.000591    6.047502 v _1570_/B2 (sky130_fd_sc_hd__a2bb2o_4)
     2    0.005130    0.035536    0.202288    6.249790 v _1570_/X (sky130_fd_sc_hd__a2bb2o_4)
                                                         _0689_ (net)
                      0.035536    0.000205    6.249995 v _1597_/A2 (sky130_fd_sc_hd__a21o_1)
     2    0.006154    0.047331    0.183309    6.433304 v _1597_/X (sky130_fd_sc_hd__a21o_1)
                                                         _0715_ (net)
                      0.047333    0.000384    6.433689 v _1625_/B2 (sky130_fd_sc_hd__a2bb2o_4)
     2    0.011489    0.043604    0.211668    6.645357 v _1625_/X (sky130_fd_sc_hd__a2bb2o_4)
                                                         _0742_ (net)
                      0.043670    0.001174    6.646531 v _1651_/B2 (sky130_fd_sc_hd__a2bb2o_4)
     2    0.006855    0.037626    0.200951    6.847482 v _1651_/X (sky130_fd_sc_hd__a2bb2o_4)
                                                         _0767_ (net)
                      0.037626    0.000417    6.847899 v _1677_/A2 (sky130_fd_sc_hd__a21o_1)
     2    0.005803    0.045732    0.182620    7.030519 v _1677_/X (sky130_fd_sc_hd__a21o_1)
                                                         _0792_ (net)
                      0.045732    0.000222    7.030741 v _1700_/B1 (sky130_fd_sc_hd__a32o_2)
     2    0.015494    0.068503    0.251750    7.282490 v _1700_/X (sky130_fd_sc_hd__a32o_2)
                                                         _0814_ (net)
                      0.068574    0.001257    7.283747 v _1725_/B2 (sky130_fd_sc_hd__a2bb2o_4)
     2    0.007340    0.038186    0.212010    7.495757 v _1725_/X (sky130_fd_sc_hd__a2bb2o_4)
                                                         _0838_ (net)
                      0.038186    0.000281    7.496038 v _1750_/B2 (sky130_fd_sc_hd__a2bb2o_4)
     2    0.005596    0.036120    0.196171    7.692209 v _1750_/X (sky130_fd_sc_hd__a2bb2o_4)
                                                         _0862_ (net)
                      0.036120    0.000203    7.692412 v _1774_/A2 (sky130_fd_sc_hd__a21o_1)
     2    0.009531    0.060696    0.199211    7.891623 v _1774_/X (sky130_fd_sc_hd__a21o_1)
                                                         _0885_ (net)
                      0.060699    0.000491    7.892115 v _1797_/B2 (sky130_fd_sc_hd__a2bb2o_4)
     2    0.012440    0.044950    0.219080    8.111195 v _1797_/X (sky130_fd_sc_hd__a2bb2o_4)
                                                         _0907_ (net)
                      0.045001    0.000856    8.112051 v _1824_/B2 (sky130_fd_sc_hd__a2bb2o_4)
     2    0.006088    0.036705    0.199918    8.311969 v _1824_/X (sky130_fd_sc_hd__a2bb2o_4)
                                                         _0933_ (net)
                      0.036705    0.000360    8.312329 v _1849_/A2 (sky130_fd_sc_hd__a21o_1)
     2    0.012362    0.072085    0.209530    8.521859 v _1849_/X (sky130_fd_sc_hd__a21o_1)
                                                         _0957_ (net)
                      0.072095    0.000849    8.522708 v _1876_/B2 (sky130_fd_sc_hd__a2bb2o_4)
     2    0.011199    0.043125    0.221134    8.743842 v _1876_/X (sky130_fd_sc_hd__a2bb2o_4)
                                                         _0983_ (net)
                      0.043165    0.000760    8.744602 v _1902_/B2 (sky130_fd_sc_hd__a2bb2o_4)
     2    0.011323    0.043309    0.209732    8.954334 v _1902_/X (sky130_fd_sc_hd__a2bb2o_4)
                                                         _1008_ (net)
                      0.043353    0.000814    8.955148 v _1926_/B2 (sky130_fd_sc_hd__a2bb2o_4)
     2    0.013638    0.046936    0.214436    9.169584 v _1926_/X (sky130_fd_sc_hd__a2bb2o_4)
                                                         _0015_ (net)
                      0.046964    0.001046    9.170630 v _1950_/A2 (sky130_fd_sc_hd__a21o_1)
     2    0.008741    0.058495    0.200020    9.370650 v _1950_/X (sky130_fd_sc_hd__a21o_1)
                                                         _0038_ (net)
                      0.058499    0.000571    9.371222 v _1974_/A2 (sky130_fd_sc_hd__a21o_1)
     2    0.015167    0.083567    0.228692    9.599914 v _1974_/X (sky130_fd_sc_hd__a21o_1)
                                                         _0062_ (net)
                      0.083578    0.000966    9.600880 v _1997_/A2 (sky130_fd_sc_hd__a21oi_4)
     3    0.013596    0.145232    0.191326    9.792206 ^ _1997_/Y (sky130_fd_sc_hd__a21oi_4)
                                                         _0086_ (net)
                      0.145233    0.000670    9.792875 ^ _2003_/B (sky130_fd_sc_hd__xor2_1)
     1    0.002872    0.057503    0.083318    9.876193 v _2003_/X (sky130_fd_sc_hd__xor2_1)
                                                         _0093_ (net)
                      0.057503    0.000195    9.876388 v _2004_/C1 (sky130_fd_sc_hd__a221o_1)
     1    0.004531    0.060392    0.271095   10.147483 v _2004_/X (sky130_fd_sc_hd__a221o_1)
                                                         _0094_ (net)
                      0.060423    0.000216   10.147699 v _2017_/A1 (sky130_fd_sc_hd__a211o_4)
     4    0.050107    0.117053    0.405342   10.553041 v _2017_/X (sky130_fd_sc_hd__a211o_4)
                                                         net71 (net)
                      0.117121    0.002565   10.555606 v _2019_/B (sky130_fd_sc_hd__xnor2_2)
     1    0.008417    0.075288    0.169402   10.725008 v _2019_/Y (sky130_fd_sc_hd__xnor2_2)
                                                         _0109_ (net)
                      0.075290    0.000641   10.725649 v _2055_/B (sky130_fd_sc_hd__xnor2_2)
     1    0.031431    0.419524    0.356875   11.082523 ^ _2055_/Y (sky130_fd_sc_hd__xnor2_2)
                                                         net72 (net)
                      0.419611    0.004913   11.087436 ^ output72/A (sky130_fd_sc_hd__buf_6)
     1    0.034174    0.080784    0.199482   11.286919 ^ output72/X (sky130_fd_sc_hd__buf_6)
                                                         P (net)
                      0.080827    0.001712   11.288630 ^ P (out)
                                             11.288630   data arrival time

                      0.000000   10.000000   10.000000   clock __VIRTUAL_CLK__ (rise edge)
                                  0.000000   10.000000   clock network delay (ideal)
                                 -0.250000    9.750000   clock uncertainty
                                  0.000000    9.750000   clock reconvergence pessimism
                                 -2.000000    7.750000   output external delay
                                              7.750000   data required time
---------------------------------------------------------------------------------------------
                                              7.750000   data required time
                                            -11.288630   data arrival time
---------------------------------------------------------------------------------------------
                                             -3.538630   slack (VIOLATED)




===========================================================================
 report_check_types -max_slew -max_cap -max_fanout -violators
============================================================================
======================= max_tt_025C_1v80 Corner ===================================

max slew

Pin                                        Limit        Slew       Slack
------------------------------------------------------------------------
fanout167/A                             0.750000    0.752094   -0.002094 (VIOLATED)
fanout166/A                             0.750000    0.752081   -0.002081 (VIOLATED)
_1052_/Y                                0.750000    0.752078   -0.002078 (VIOLATED)



===========================================================================
report_parasitic_annotation -report_unannotated
============================================================================
Found 0 unannotated drivers.
Found 0 partially unannotated drivers.

===========================================================================
max slew violation count 3
max fanout violation count 0
max cap violation count 0
============================================================================

===========================================================================
check_setup -verbose -unconstrained_endpoints -multiple_clock -no_clock -no_input_delay -loops -generated_clocks
===========================================================================
