
===========================================================================
 report_power
============================================================================
======================= nom_ss_100C_1v60 Corner ===================================

Group                    Internal    Switching      Leakage        Total
                            Power        Power        Power        Power (Watts)
------------------------------------------------------------------------
Sequential           0.000000e+00 0.000000e+00 0.000000e+00 0.000000e+00   0.0%
Combinational        2.817881e-04 3.647006e-04 6.937764e-06 6.534265e-04 100.0%
Clock                -1.038349e-11 0.000000e+00 2.187011e-09 2.176627e-09   0.0%
Macro                0.000000e+00 0.000000e+00 0.000000e+00 0.000000e+00   0.0%
Pad                  0.000000e+00 0.000000e+00 0.000000e+00 0.000000e+00   0.0%
------------------------------------------------------------------------
Total                2.817881e-04 3.647006e-04 6.939951e-06 6.534286e-04 100.0%
                            43.1%        55.8%         1.1%

