
===========================================================================
 report_power
============================================================================
======================= nom_tt_025C_1v80 Corner ===================================

Group                    Internal    Switching      Leakage        Total
                            Power        Power        Power        Power (Watts)
------------------------------------------------------------------------
Sequential           0.000000e+00 0.000000e+00 0.000000e+00 0.000000e+00   0.0%
Combinational        2.876108e-04 3.415617e-04 4.769729e-09 6.291773e-04 100.0%
Clock                0.000000e+00 0.000000e+00 3.499243e-10 3.499243e-10   0.0%
Macro                0.000000e+00 0.000000e+00 0.000000e+00 0.000000e+00   0.0%
Pad                  0.000000e+00 0.000000e+00 0.000000e+00 0.000000e+00   0.0%
------------------------------------------------------------------------
Total                2.876108e-04 3.415617e-04 5.119656e-09 6.291777e-04 100.0%
                            45.7%        54.3%         0.0%
Writing metric power__internal__total: 0.00028761077555827796
Writing metric power__switching__total: 0.00034156173933297396
Writing metric power__leakage__total: 5.119655810403856e-9
Writing metric power__total: 0.0006291776662692428

