
===========================================================================
 report_power
============================================================================
======================= nom_tt_025C_1v80 Corner ===================================

Group                    Internal    Switching      Leakage        Total
                            Power        Power        Power        Power (Watts)
------------------------------------------------------------------------
Sequential           0.000000e+00 0.000000e+00 0.000000e+00 0.000000e+00   0.0%
Combinational        3.459546e-04 3.950203e-04 5.110320e-09 7.409800e-04 100.0%
Clock                1.737989e-11 0.000000e+00 3.499348e-10 3.673147e-10   0.0%
Macro                0.000000e+00 0.000000e+00 0.000000e+00 0.000000e+00   0.0%
Pad                  0.000000e+00 0.000000e+00 0.000000e+00 0.000000e+00   0.0%
------------------------------------------------------------------------
Total                3.459547e-04 3.950203e-04 5.460258e-09 7.409804e-04 100.0%
                            46.7%        53.3%         0.0%
Writing metric power__internal__total: 0.00034595467150211334
Writing metric power__switching__total: 0.00039502029540017247
Writing metric power__leakage__total: 5.4602584675933485e-9
Writing metric power__total: 0.0007409804384224117

