
===========================================================================
 report_power
============================================================================
======================= min_tt_025C_1v80 Corner ===================================

Group                    Internal    Switching      Leakage        Total
                            Power        Power        Power        Power (Watts)
------------------------------------------------------------------------
Sequential           0.000000e+00 0.000000e+00 0.000000e+00 0.000000e+00   0.0%
Combinational        3.460941e-04 4.450038e-04 5.110320e-09 7.911030e-04 100.0%
Clock                1.711613e-11 0.000000e+00 2.229174e-09 2.246290e-09   0.0%
Macro                0.000000e+00 0.000000e+00 0.000000e+00 0.000000e+00   0.0%
Pad                  0.000000e+00 0.000000e+00 0.000000e+00 0.000000e+00   0.0%
------------------------------------------------------------------------
Total                3.460941e-04 4.450038e-04 7.339501e-09 7.911052e-04 100.0%
                            43.7%        56.3%         0.0%

