
===========================================================================
Violator List
============================================================================
[setup in-out] B[4] -> P : -3.241721
[setup in-out] B[4] -> Z : -3.223145
[setup in-out] B[4] -> Result[31] : -2.822786
[setup in-out] B[4] -> N : -2.765074
[setup in-out] B[4] -> Result[30] : -2.513946
[setup in-out] B[4] -> V : -2.412269
[setup in-out] B[4] -> C : -2.309247
[setup in-out] B[4] -> Result[29] : -2.064966
[setup in-out] B[4] -> Result[28] : -1.875954
[setup in-out] B[4] -> Result[27] : -1.728382
[setup in-out] B[4] -> Result[26] : -1.663451
[setup in-out] B[4] -> Result[25] : -1.401665
[setup in-out] B[4] -> Result[24] : -1.358576
[setup in-out] B[4] -> Result[23] : -0.957473
[setup in-out] B[4] -> Result[18] : -0.954533
[setup in-out] B[4] -> Result[22] : -0.821880
[setup in-out] B[4] -> Result[21] : -0.713214
[setup in-out] B[4] -> Result[20] : -0.591482
[setup in-out] B[4] -> Result[19] : -0.100276
[setup in-out] B[4] -> Result[17] : -0.008147
