
===========================================================================
report_checks -unconstrained
===========================================================================
======================= nom_ff_n40C_1v95 Corner ===================================

Startpoint: B[4] (input port clocked by __VIRTUAL_CLK__)
Endpoint: P (output port clocked by __VIRTUAL_CLK__)
Path Group: __VIRTUAL_CLK__
Path Type: max

Fanout         Cap        Slew       Delay        Time   Description
---------------------------------------------------------------------------------------------
                      0.000000    0.000000    0.000000   clock __VIRTUAL_CLK__ (rise edge)
                                  0.000000    0.000000   clock network delay (ideal)
                                  2.000000    2.000000 ^ input external delay
     1    0.003113    0.015039    0.008063    2.008063 ^ B[4] (in)
                                                         B[4] (net)
                      0.015040    0.000000    2.008063 ^ input59/A (sky130_fd_sc_hd__buf_1)
     1    0.016560    0.148475    0.127927    2.135990 ^ input59/X (sky130_fd_sc_hd__buf_1)
                                                         net59 (net)
                      0.148492    0.001283    2.137272 ^ fanout192/A (sky130_fd_sc_hd__buf_2)
     8    0.043587    0.161241    0.183976    2.321248 ^ fanout192/X (sky130_fd_sc_hd__buf_2)
                                                         net192 (net)
                      0.161247    0.000796    2.322044 ^ fanout191/A (sky130_fd_sc_hd__clkbuf_4)
    10    0.051186    0.120833    0.183186    2.505230 ^ fanout191/X (sky130_fd_sc_hd__clkbuf_4)
                                                         net191 (net)
                      0.120966    0.002617    2.507847 ^ fanout190/A (sky130_fd_sc_hd__buf_2)
    10    0.036418    0.135703    0.164780    2.672627 ^ fanout190/X (sky130_fd_sc_hd__buf_2)
                                                         net190 (net)
                      0.135750    0.000816    2.673442 ^ _1018_/A (sky130_fd_sc_hd__inv_2)
     4    0.018073    0.051974    0.049776    2.723219 v _1018_/Y (sky130_fd_sc_hd__inv_2)
                                                         _0079_ (net)
                      0.051975    0.000201    2.723420 v fanout181/A (sky130_fd_sc_hd__buf_2)
    10    0.039649    0.071194    0.131893    2.855313 v fanout181/X (sky130_fd_sc_hd__buf_2)
                                                         net181 (net)
                      0.071301    0.002438    2.857751 v _1274_/A (sky130_fd_sc_hd__nor2_2)
     2    0.020828    0.173695    0.172556    3.030306 ^ _1274_/Y (sky130_fd_sc_hd__nor2_2)
                                                         _0403_ (net)
                      0.173699    0.000692    3.030998 ^ fanout112/A (sky130_fd_sc_hd__buf_6)
    10    0.050580    0.081716    0.118696    3.149695 ^ fanout112/X (sky130_fd_sc_hd__buf_6)
                                                         net112 (net)
                      0.081726    0.000756    3.150451 ^ _1275_/C1 (sky130_fd_sc_hd__a211o_1)
     2    0.006248    0.049776    0.076123    3.226574 ^ _1275_/X (sky130_fd_sc_hd__a211o_1)
                                                         _0404_ (net)
                      0.049776    0.000112    3.226686 ^ _1277_/C (sky130_fd_sc_hd__and3_1)
     2    0.006850    0.062962    0.113013    3.339699 ^ _1277_/X (sky130_fd_sc_hd__and3_1)
                                                         _0406_ (net)
                      0.062962    0.000105    3.339804 ^ _1278_/B (sky130_fd_sc_hd__nor2_1)
     2    0.008220    0.043660    0.042043    3.381848 v _1278_/Y (sky130_fd_sc_hd__nor2_1)
                                                         _0407_ (net)
                      0.043660    0.000158    3.382006 v _1305_/A1 (sky130_fd_sc_hd__a21o_1)
     2    0.014993    0.058262    0.134593    3.516598 v _1305_/X (sky130_fd_sc_hd__a21o_1)
                                                         _0433_ (net)
                      0.058268    0.000610    3.517208 v _1339_/B2 (sky130_fd_sc_hd__a2bb2o_4)
     2    0.010172    0.031164    0.142848    3.660056 v _1339_/X (sky130_fd_sc_hd__a2bb2o_4)
                                                         _0466_ (net)
                      0.031167    0.000287    3.660343 v _1372_/B2 (sky130_fd_sc_hd__a2bb2o_4)
     2    0.011534    0.032427    0.134665    3.795008 v _1372_/X (sky130_fd_sc_hd__a2bb2o_4)
                                                         _0498_ (net)
                      0.032449    0.000381    3.795389 v _1403_/B2 (sky130_fd_sc_hd__a2bb2o_4)
     2    0.010575    0.031571    0.133806    3.929195 v _1403_/X (sky130_fd_sc_hd__a2bb2o_4)
                                                         _0528_ (net)
                      0.031571    0.000309    3.929504 v _1430_/B2 (sky130_fd_sc_hd__a2bb2o_4)
     2    0.008833    0.029974    0.131104    4.060608 v _1430_/X (sky130_fd_sc_hd__a2bb2o_4)
                                                         _0554_ (net)
                      0.029974    0.000232    4.060841 v _1458_/A2 (sky130_fd_sc_hd__a21o_1)
     2    0.005566    0.031927    0.118874    4.179715 v _1458_/X (sky130_fd_sc_hd__a21o_1)
                                                         _0581_ (net)
                      0.031927    0.000109    4.179824 v _1487_/A2 (sky130_fd_sc_hd__a21o_1)
     2    0.009679    0.044614    0.132606    4.312429 v _1487_/X (sky130_fd_sc_hd__a21o_1)
                                                         _0609_ (net)
                      0.044614    0.000212    4.312642 v _1514_/B2 (sky130_fd_sc_hd__a2bb2o_4)
     2    0.008153    0.029396    0.135038    4.447680 v _1514_/X (sky130_fd_sc_hd__a2bb2o_4)
                                                         _0635_ (net)
                      0.029396    0.000161    4.447841 v _1541_/A2 (sky130_fd_sc_hd__a21o_1)
     2    0.007867    0.038889    0.125887    4.573728 v _1541_/X (sky130_fd_sc_hd__a21o_1)
                                                         _0661_ (net)
                      0.038890    0.000249    4.573977 v _1570_/B2 (sky130_fd_sc_hd__a2bb2o_4)
     2    0.005142    0.026462    0.128532    4.702508 v _1570_/X (sky130_fd_sc_hd__a2bb2o_4)
                                                         _0689_ (net)
                      0.026462    0.000105    4.702613 v _1597_/A2 (sky130_fd_sc_hd__a21o_1)
     2    0.006244    0.033897    0.119702    4.822315 v _1597_/X (sky130_fd_sc_hd__a21o_1)
                                                         _0715_ (net)
                      0.033897    0.000151    4.822466 v _1625_/B2 (sky130_fd_sc_hd__a2bb2o_4)
     2    0.010899    0.031835    0.134746    4.957211 v _1625_/X (sky130_fd_sc_hd__a2bb2o_4)
                                                         _0742_ (net)
                      0.031861    0.000552    4.957764 v _1651_/B2 (sky130_fd_sc_hd__a2bb2o_4)
     2    0.006750    0.028156    0.128327    5.086091 v _1651_/X (sky130_fd_sc_hd__a2bb2o_4)
                                                         _0767_ (net)
                      0.028156    0.000190    5.086280 v _1677_/A2 (sky130_fd_sc_hd__a21o_1)
     2    0.005853    0.032744    0.119108    5.205388 v _1677_/X (sky130_fd_sc_hd__a21o_1)
                                                         _0792_ (net)
                      0.032744    0.000110    5.205498 v _1700_/B1 (sky130_fd_sc_hd__a32o_2)
     2    0.014607    0.044387    0.104490    5.309988 v _1700_/X (sky130_fd_sc_hd__a32o_2)
                                                         _0814_ (net)
                      0.044423    0.000676    5.310665 v _1725_/B2 (sky130_fd_sc_hd__a2bb2o_4)
     2    0.007317    0.028643    0.133812    5.444476 v _1725_/X (sky130_fd_sc_hd__a2bb2o_4)
                                                         _0838_ (net)
                      0.028643    0.000122    5.444598 v _1750_/B2 (sky130_fd_sc_hd__a2bb2o_4)
     2    0.005553    0.027097    0.125478    5.570076 v _1750_/X (sky130_fd_sc_hd__a2bb2o_4)
                                                         _0862_ (net)
                      0.027097    0.000095    5.570171 v _1774_/A2 (sky130_fd_sc_hd__a21o_1)
     2    0.009425    0.043791    0.129996    5.700167 v _1774_/X (sky130_fd_sc_hd__a21o_1)
                                                         _0885_ (net)
                      0.043792    0.000208    5.700375 v _1797_/B2 (sky130_fd_sc_hd__a2bb2o_4)
     2    0.011965    0.032918    0.139958    5.840333 v _1797_/X (sky130_fd_sc_hd__a2bb2o_4)
                                                         _0907_ (net)
                      0.032922    0.000389    5.840723 v _1824_/B2 (sky130_fd_sc_hd__a2bb2o_4)
     2    0.005954    0.027428    0.127620    5.968342 v _1824_/X (sky130_fd_sc_hd__a2bb2o_4)
                                                         _0933_ (net)
                      0.027428    0.000155    5.968498 v _1849_/A2 (sky130_fd_sc_hd__a21o_1)
     2    0.011846    0.049430    0.137050    6.105548 v _1849_/X (sky130_fd_sc_hd__a21o_1)
                                                         _0957_ (net)
                      0.049432    0.000383    6.105931 v _1876_/B2 (sky130_fd_sc_hd__a2bb2o_4)
     2    0.010891    0.031850    0.140584    6.246515 v _1876_/X (sky130_fd_sc_hd__a2bb2o_4)
                                                         _0983_ (net)
                      0.031868    0.000317    6.246832 v _1902_/B2 (sky130_fd_sc_hd__a2bb2o_4)
     2    0.010991    0.031925    0.134165    6.380997 v _1902_/X (sky130_fd_sc_hd__a2bb2o_4)
                                                         _1008_ (net)
                      0.031945    0.000349    6.381346 v _1926_/B2 (sky130_fd_sc_hd__a2bb2o_4)
     2    0.012604    0.033615    0.136357    6.517704 v _1926_/X (sky130_fd_sc_hd__a2bb2o_4)
                                                         _0015_ (net)
                      0.033625    0.000544    6.518247 v _1950_/A2 (sky130_fd_sc_hd__a21o_1)
     2    0.008465    0.040781    0.129348    6.647594 v _1950_/X (sky130_fd_sc_hd__a21o_1)
                                                         _0038_ (net)
                      0.040782    0.000248    6.647843 v _1974_/A2 (sky130_fd_sc_hd__a21o_1)
     2    0.014948    0.058076    0.149756    6.797599 v _1974_/X (sky130_fd_sc_hd__a21o_1)
                                                         _0062_ (net)
                      0.058077    0.000381    6.797980 v _1997_/A2 (sky130_fd_sc_hd__a21oi_4)
     3    0.013374    0.108188    0.132802    6.930781 ^ _1997_/Y (sky130_fd_sc_hd__a21oi_4)
                                                         _0086_ (net)
                      0.108188    0.000303    6.931085 ^ _2003_/B (sky130_fd_sc_hd__xor2_1)
     1    0.002889    0.041281    0.043313    6.974398 v _2003_/X (sky130_fd_sc_hd__xor2_1)
                                                         _0093_ (net)
                      0.041281    0.000087    6.974485 v _2004_/C1 (sky130_fd_sc_hd__a221o_1)
     1    0.004541    0.039269    0.102537    7.077022 v _2004_/X (sky130_fd_sc_hd__a221o_1)
                                                         _0094_ (net)
                      0.039269    0.000092    7.077114 v _2017_/A1 (sky130_fd_sc_hd__a211o_4)
     4    0.047455    0.079174    0.254861    7.331975 v _2017_/X (sky130_fd_sc_hd__a211o_4)
                                                         net71 (net)
                      0.079189    0.001082    7.333057 v _2019_/B (sky130_fd_sc_hd__xnor2_2)
     1    0.008300    0.054121    0.107447    7.440505 v _2019_/Y (sky130_fd_sc_hd__xnor2_2)
                                                         _0109_ (net)
                      0.054122    0.000242    7.440747 v _2055_/B (sky130_fd_sc_hd__xnor2_2)
     1    0.030050    0.301949    0.248223    7.688970 ^ _2055_/Y (sky130_fd_sc_hd__xnor2_2)
                                                         net72 (net)
                      0.302000    0.003171    7.692141 ^ output72/A (sky130_fd_sc_hd__buf_6)
     1    0.034125    0.060392    0.106966    7.799107 ^ output72/X (sky130_fd_sc_hd__buf_6)
                                                         P (net)
                      0.060400    0.000715    7.799821 ^ P (out)
                                              7.799821   data arrival time

                      0.000000   10.000000   10.000000   clock __VIRTUAL_CLK__ (rise edge)
                                  0.000000   10.000000   clock network delay (ideal)
                                 -0.250000    9.750000   clock uncertainty
                                  0.000000    9.750000   clock reconvergence pessimism
                                 -2.000000    7.750000   output external delay
                                              7.750000   data required time
---------------------------------------------------------------------------------------------
                                              7.750000   data required time
                                             -7.799821   data arrival time
---------------------------------------------------------------------------------------------
                                             -0.049821   slack (VIOLATED)




===========================================================================
report_checks --slack_max -0.01
============================================================================
======================= nom_ff_n40C_1v95 Corner ===================================

Startpoint: B[4] (input port clocked by __VIRTUAL_CLK__)
Endpoint: P (output port clocked by __VIRTUAL_CLK__)
Path Group: __VIRTUAL_CLK__
Path Type: max

Fanout         Cap        Slew       Delay        Time   Description
---------------------------------------------------------------------------------------------
                      0.000000    0.000000    0.000000   clock __VIRTUAL_CLK__ (rise edge)
                                  0.000000    0.000000   clock network delay (ideal)
                                  2.000000    2.000000 ^ input external delay
     1    0.003113    0.015039    0.008063    2.008063 ^ B[4] (in)
                                                         B[4] (net)
                      0.015040    0.000000    2.008063 ^ input59/A (sky130_fd_sc_hd__buf_1)
     1    0.016560    0.148475    0.127927    2.135990 ^ input59/X (sky130_fd_sc_hd__buf_1)
                                                         net59 (net)
                      0.148492    0.001283    2.137272 ^ fanout192/A (sky130_fd_sc_hd__buf_2)
     8    0.043587    0.161241    0.183976    2.321248 ^ fanout192/X (sky130_fd_sc_hd__buf_2)
                                                         net192 (net)
                      0.161247    0.000796    2.322044 ^ fanout191/A (sky130_fd_sc_hd__clkbuf_4)
    10    0.051186    0.120833    0.183186    2.505230 ^ fanout191/X (sky130_fd_sc_hd__clkbuf_4)
                                                         net191 (net)
                      0.120966    0.002617    2.507847 ^ fanout190/A (sky130_fd_sc_hd__buf_2)
    10    0.036418    0.135703    0.164780    2.672627 ^ fanout190/X (sky130_fd_sc_hd__buf_2)
                                                         net190 (net)
                      0.135750    0.000816    2.673442 ^ _1018_/A (sky130_fd_sc_hd__inv_2)
     4    0.018073    0.051974    0.049776    2.723219 v _1018_/Y (sky130_fd_sc_hd__inv_2)
                                                         _0079_ (net)
                      0.051975    0.000201    2.723420 v fanout181/A (sky130_fd_sc_hd__buf_2)
    10    0.039649    0.071194    0.131893    2.855313 v fanout181/X (sky130_fd_sc_hd__buf_2)
                                                         net181 (net)
                      0.071301    0.002438    2.857751 v _1274_/A (sky130_fd_sc_hd__nor2_2)
     2    0.020828    0.173695    0.172556    3.030306 ^ _1274_/Y (sky130_fd_sc_hd__nor2_2)
                                                         _0403_ (net)
                      0.173699    0.000692    3.030998 ^ fanout112/A (sky130_fd_sc_hd__buf_6)
    10    0.050580    0.081716    0.118696    3.149695 ^ fanout112/X (sky130_fd_sc_hd__buf_6)
                                                         net112 (net)
                      0.081726    0.000756    3.150451 ^ _1275_/C1 (sky130_fd_sc_hd__a211o_1)
     2    0.006248    0.049776    0.076123    3.226574 ^ _1275_/X (sky130_fd_sc_hd__a211o_1)
                                                         _0404_ (net)
                      0.049776    0.000112    3.226686 ^ _1277_/C (sky130_fd_sc_hd__and3_1)
     2    0.006850    0.062962    0.113013    3.339699 ^ _1277_/X (sky130_fd_sc_hd__and3_1)
                                                         _0406_ (net)
                      0.062962    0.000105    3.339804 ^ _1278_/B (sky130_fd_sc_hd__nor2_1)
     2    0.008220    0.043660    0.042043    3.381848 v _1278_/Y (sky130_fd_sc_hd__nor2_1)
                                                         _0407_ (net)
                      0.043660    0.000158    3.382006 v _1305_/A1 (sky130_fd_sc_hd__a21o_1)
     2    0.014993    0.058262    0.134593    3.516598 v _1305_/X (sky130_fd_sc_hd__a21o_1)
                                                         _0433_ (net)
                      0.058268    0.000610    3.517208 v _1339_/B2 (sky130_fd_sc_hd__a2bb2o_4)
     2    0.010172    0.031164    0.142848    3.660056 v _1339_/X (sky130_fd_sc_hd__a2bb2o_4)
                                                         _0466_ (net)
                      0.031167    0.000287    3.660343 v _1372_/B2 (sky130_fd_sc_hd__a2bb2o_4)
     2    0.011534    0.032427    0.134665    3.795008 v _1372_/X (sky130_fd_sc_hd__a2bb2o_4)
                                                         _0498_ (net)
                      0.032449    0.000381    3.795389 v _1403_/B2 (sky130_fd_sc_hd__a2bb2o_4)
     2    0.010575    0.031571    0.133806    3.929195 v _1403_/X (sky130_fd_sc_hd__a2bb2o_4)
                                                         _0528_ (net)
                      0.031571    0.000309    3.929504 v _1430_/B2 (sky130_fd_sc_hd__a2bb2o_4)
     2    0.008833    0.029974    0.131104    4.060608 v _1430_/X (sky130_fd_sc_hd__a2bb2o_4)
                                                         _0554_ (net)
                      0.029974    0.000232    4.060841 v _1458_/A2 (sky130_fd_sc_hd__a21o_1)
     2    0.005566    0.031927    0.118874    4.179715 v _1458_/X (sky130_fd_sc_hd__a21o_1)
                                                         _0581_ (net)
                      0.031927    0.000109    4.179824 v _1487_/A2 (sky130_fd_sc_hd__a21o_1)
     2    0.009679    0.044614    0.132606    4.312429 v _1487_/X (sky130_fd_sc_hd__a21o_1)
                                                         _0609_ (net)
                      0.044614    0.000212    4.312642 v _1514_/B2 (sky130_fd_sc_hd__a2bb2o_4)
     2    0.008153    0.029396    0.135038    4.447680 v _1514_/X (sky130_fd_sc_hd__a2bb2o_4)
                                                         _0635_ (net)
                      0.029396    0.000161    4.447841 v _1541_/A2 (sky130_fd_sc_hd__a21o_1)
     2    0.007867    0.038889    0.125887    4.573728 v _1541_/X (sky130_fd_sc_hd__a21o_1)
                                                         _0661_ (net)
                      0.038890    0.000249    4.573977 v _1570_/B2 (sky130_fd_sc_hd__a2bb2o_4)
     2    0.005142    0.026462    0.128532    4.702508 v _1570_/X (sky130_fd_sc_hd__a2bb2o_4)
                                                         _0689_ (net)
                      0.026462    0.000105    4.702613 v _1597_/A2 (sky130_fd_sc_hd__a21o_1)
     2    0.006244    0.033897    0.119702    4.822315 v _1597_/X (sky130_fd_sc_hd__a21o_1)
                                                         _0715_ (net)
                      0.033897    0.000151    4.822466 v _1625_/B2 (sky130_fd_sc_hd__a2bb2o_4)
     2    0.010899    0.031835    0.134746    4.957211 v _1625_/X (sky130_fd_sc_hd__a2bb2o_4)
                                                         _0742_ (net)
                      0.031861    0.000552    4.957764 v _1651_/B2 (sky130_fd_sc_hd__a2bb2o_4)
     2    0.006750    0.028156    0.128327    5.086091 v _1651_/X (sky130_fd_sc_hd__a2bb2o_4)
                                                         _0767_ (net)
                      0.028156    0.000190    5.086280 v _1677_/A2 (sky130_fd_sc_hd__a21o_1)
     2    0.005853    0.032744    0.119108    5.205388 v _1677_/X (sky130_fd_sc_hd__a21o_1)
                                                         _0792_ (net)
                      0.032744    0.000110    5.205498 v _1700_/B1 (sky130_fd_sc_hd__a32o_2)
     2    0.014607    0.044387    0.104490    5.309988 v _1700_/X (sky130_fd_sc_hd__a32o_2)
                                                         _0814_ (net)
                      0.044423    0.000676    5.310665 v _1725_/B2 (sky130_fd_sc_hd__a2bb2o_4)
     2    0.007317    0.028643    0.133812    5.444476 v _1725_/X (sky130_fd_sc_hd__a2bb2o_4)
                                                         _0838_ (net)
                      0.028643    0.000122    5.444598 v _1750_/B2 (sky130_fd_sc_hd__a2bb2o_4)
     2    0.005553    0.027097    0.125478    5.570076 v _1750_/X (sky130_fd_sc_hd__a2bb2o_4)
                                                         _0862_ (net)
                      0.027097    0.000095    5.570171 v _1774_/A2 (sky130_fd_sc_hd__a21o_1)
     2    0.009425    0.043791    0.129996    5.700167 v _1774_/X (sky130_fd_sc_hd__a21o_1)
                                                         _0885_ (net)
                      0.043792    0.000208    5.700375 v _1797_/B2 (sky130_fd_sc_hd__a2bb2o_4)
     2    0.011965    0.032918    0.139958    5.840333 v _1797_/X (sky130_fd_sc_hd__a2bb2o_4)
                                                         _0907_ (net)
                      0.032922    0.000389    5.840723 v _1824_/B2 (sky130_fd_sc_hd__a2bb2o_4)
     2    0.005954    0.027428    0.127620    5.968342 v _1824_/X (sky130_fd_sc_hd__a2bb2o_4)
                                                         _0933_ (net)
                      0.027428    0.000155    5.968498 v _1849_/A2 (sky130_fd_sc_hd__a21o_1)
     2    0.011846    0.049430    0.137050    6.105548 v _1849_/X (sky130_fd_sc_hd__a21o_1)
                                                         _0957_ (net)
                      0.049432    0.000383    6.105931 v _1876_/B2 (sky130_fd_sc_hd__a2bb2o_4)
     2    0.010891    0.031850    0.140584    6.246515 v _1876_/X (sky130_fd_sc_hd__a2bb2o_4)
                                                         _0983_ (net)
                      0.031868    0.000317    6.246832 v _1902_/B2 (sky130_fd_sc_hd__a2bb2o_4)
     2    0.010991    0.031925    0.134165    6.380997 v _1902_/X (sky130_fd_sc_hd__a2bb2o_4)
                                                         _1008_ (net)
                      0.031945    0.000349    6.381346 v _1926_/B2 (sky130_fd_sc_hd__a2bb2o_4)
     2    0.012604    0.033615    0.136357    6.517704 v _1926_/X (sky130_fd_sc_hd__a2bb2o_4)
                                                         _0015_ (net)
                      0.033625    0.000544    6.518247 v _1950_/A2 (sky130_fd_sc_hd__a21o_1)
     2    0.008465    0.040781    0.129348    6.647594 v _1950_/X (sky130_fd_sc_hd__a21o_1)
                                                         _0038_ (net)
                      0.040782    0.000248    6.647843 v _1974_/A2 (sky130_fd_sc_hd__a21o_1)
     2    0.014948    0.058076    0.149756    6.797599 v _1974_/X (sky130_fd_sc_hd__a21o_1)
                                                         _0062_ (net)
                      0.058077    0.000381    6.797980 v _1997_/A2 (sky130_fd_sc_hd__a21oi_4)
     3    0.013374    0.108188    0.132802    6.930781 ^ _1997_/Y (sky130_fd_sc_hd__a21oi_4)
                                                         _0086_ (net)
                      0.108188    0.000303    6.931085 ^ _2003_/B (sky130_fd_sc_hd__xor2_1)
     1    0.002889    0.041281    0.043313    6.974398 v _2003_/X (sky130_fd_sc_hd__xor2_1)
                                                         _0093_ (net)
                      0.041281    0.000087    6.974485 v _2004_/C1 (sky130_fd_sc_hd__a221o_1)
     1    0.004541    0.039269    0.102537    7.077022 v _2004_/X (sky130_fd_sc_hd__a221o_1)
                                                         _0094_ (net)
                      0.039269    0.000092    7.077114 v _2017_/A1 (sky130_fd_sc_hd__a211o_4)
     4    0.047455    0.079174    0.254861    7.331975 v _2017_/X (sky130_fd_sc_hd__a211o_4)
                                                         net71 (net)
                      0.079189    0.001082    7.333057 v _2019_/B (sky130_fd_sc_hd__xnor2_2)
     1    0.008300    0.054121    0.107447    7.440505 v _2019_/Y (sky130_fd_sc_hd__xnor2_2)
                                                         _0109_ (net)
                      0.054122    0.000242    7.440747 v _2055_/B (sky130_fd_sc_hd__xnor2_2)
     1    0.030050    0.301949    0.248223    7.688970 ^ _2055_/Y (sky130_fd_sc_hd__xnor2_2)
                                                         net72 (net)
                      0.302000    0.003171    7.692141 ^ output72/A (sky130_fd_sc_hd__buf_6)
     1    0.034125    0.060392    0.106966    7.799107 ^ output72/X (sky130_fd_sc_hd__buf_6)
                                                         P (net)
                      0.060400    0.000715    7.799821 ^ P (out)
                                              7.799821   data arrival time

                      0.000000   10.000000   10.000000   clock __VIRTUAL_CLK__ (rise edge)
                                  0.000000   10.000000   clock network delay (ideal)
                                 -0.250000    9.750000   clock uncertainty
                                  0.000000    9.750000   clock reconvergence pessimism
                                 -2.000000    7.750000   output external delay
                                              7.750000   data required time
---------------------------------------------------------------------------------------------
                                              7.750000   data required time
                                             -7.799821   data arrival time
---------------------------------------------------------------------------------------------
                                             -0.049821   slack (VIOLATED)




===========================================================================
 report_check_types -max_slew -max_cap -max_fanout -violators
============================================================================
======================= nom_ff_n40C_1v95 Corner ===================================



===========================================================================
report_parasitic_annotation -report_unannotated
============================================================================
Found 0 unannotated drivers.
Found 0 partially unannotated drivers.

===========================================================================
max slew violation count 0
max fanout violation count 0
max cap violation count 0
============================================================================

===========================================================================
check_setup -verbose -unconstrained_endpoints -multiple_clock -no_clock -no_input_delay -loops -generated_clocks
===========================================================================
