
===========================================================================
report_checks -unconstrained
===========================================================================
======================= nom_tt_025C_1v80 Corner ===================================

Startpoint: alu_opcode[2] (input port clocked by __VIRTUAL_CLK__)
Endpoint: P (output port clocked by __VIRTUAL_CLK__)
Path Group: __VIRTUAL_CLK__
Path Type: max

Fanout         Cap        Slew       Delay        Time   Description
---------------------------------------------------------------------------------------------
                      0.000000    0.000000    0.000000   clock __VIRTUAL_CLK__ (rise edge)
                                  0.000000    0.000000   clock network delay (ideal)
                                  2.000000    2.000000 ^ input external delay
     1    0.005410    0.031082    0.019139    2.019139 ^ alu_opcode[2] (in)
                                                         alu_opcode[2] (net)
                      0.031082    0.000000    2.019139 ^ input67/A (sky130_fd_sc_hd__buf_6)
     1    0.010381    0.033720    0.085828    2.104967 ^ input67/X (sky130_fd_sc_hd__buf_6)
                                                         net67 (net)
                      0.033721    0.000151    2.105118 ^ fanout188/A (sky130_fd_sc_hd__buf_8)
     8    0.030045    0.059352    0.107167    2.212286 ^ fanout188/X (sky130_fd_sc_hd__buf_8)
                                                         net188 (net)
                      0.059352    0.000101    2.212387 ^ fanout187/A (sky130_fd_sc_hd__buf_8)
     5    0.013156    0.035169    0.096676    2.309062 ^ fanout187/X (sky130_fd_sc_hd__buf_8)
                                                         net187 (net)
                      0.035169    0.000008    2.309070 ^ _1054_/B_N (sky130_fd_sc_hd__and4bb_1)
     4    0.016804    0.098966    0.259267    2.568337 v _1054_/X (sky130_fd_sc_hd__and4bb_1)
                                                         _0187_ (net)
                      0.098966    0.000099    2.568436 v fanout158/A (sky130_fd_sc_hd__buf_8)
     5    0.031037    0.037752    0.155790    2.724227 v fanout158/X (sky130_fd_sc_hd__buf_8)
                                                         net158 (net)
                      0.037759    0.000521    2.724748 v _1056_/A (sky130_fd_sc_hd__nor2_8)
     6    0.022511    0.114176    0.134886    2.859633 ^ _1056_/Y (sky130_fd_sc_hd__nor2_8)
                                                         _0189_ (net)
                      0.114176    0.000062    2.859696 ^ fanout117/A (sky130_fd_sc_hd__buf_8)
     5    0.025181    0.052833    0.126161    2.985856 ^ fanout117/X (sky130_fd_sc_hd__buf_8)
                                                         net117 (net)
                      0.052833    0.000109    2.985965 ^ _1132_/A2 (sky130_fd_sc_hd__o32ai_4)
     2    0.009334    0.079070    0.091116    3.077081 v _1132_/Y (sky130_fd_sc_hd__o32ai_4)
                                                         _0264_ (net)
                      0.079070    0.000018    3.077099 v _1182_/B1 (sky130_fd_sc_hd__a2bb2o_4)
     2    0.009586    0.040859    0.235125    3.312224 v _1182_/X (sky130_fd_sc_hd__a2bb2o_4)
                                                         _0313_ (net)
                      0.040859    0.000054    3.312278 v _1226_/B2 (sky130_fd_sc_hd__a2bb2o_4)
     2    0.009222    0.040423    0.204800    3.517078 v _1226_/X (sky130_fd_sc_hd__a2bb2o_4)
                                                         _0356_ (net)
                      0.040423    0.000082    3.517160 v _1273_/B1 (sky130_fd_sc_hd__a32o_2)
     2    0.007670    0.050849    0.228234    3.745394 v _1273_/X (sky130_fd_sc_hd__a32o_2)
                                                         _0402_ (net)
                      0.050849    0.000038    3.745432 v _1305_/A2 (sky130_fd_sc_hd__a21o_1)
     2    0.011276    0.067516    0.211962    3.957393 v _1305_/X (sky130_fd_sc_hd__a21o_1)
                                                         _0433_ (net)
                      0.067516    0.000125    3.957518 v _1339_/B2 (sky130_fd_sc_hd__a2bb2o_4)
     2    0.009413    0.040595    0.215950    4.173469 v _1339_/X (sky130_fd_sc_hd__a2bb2o_4)
                                                         _0466_ (net)
                      0.040595    0.000047    4.173515 v _1372_/B2 (sky130_fd_sc_hd__a2bb2o_4)
     2    0.009807    0.041083    0.205917    4.379432 v _1372_/X (sky130_fd_sc_hd__a2bb2o_4)
                                                         _0498_ (net)
                      0.041083    0.000056    4.379488 v _1403_/B2 (sky130_fd_sc_hd__a2bb2o_4)
     2    0.009554    0.040767    0.205597    4.585086 v _1403_/X (sky130_fd_sc_hd__a2bb2o_4)
                                                         _0528_ (net)
                      0.040767    0.000035    4.585120 v _1430_/B2 (sky130_fd_sc_hd__a2bb2o_4)
     2    0.007668    0.038541    0.201560    4.786680 v _1430_/X (sky130_fd_sc_hd__a2bb2o_4)
                                                         _0554_ (net)
                      0.038541    0.000032    4.786712 v _1458_/A2 (sky130_fd_sc_hd__a21o_1)
     2    0.004690    0.042463    0.177910    4.964622 v _1458_/X (sky130_fd_sc_hd__a21o_1)
                                                         _0581_ (net)
                      0.042463    0.000012    4.964634 v _1487_/A2 (sky130_fd_sc_hd__a21o_1)
     2    0.009261    0.061571    0.200957    5.165591 v _1487_/X (sky130_fd_sc_hd__a21o_1)
                                                         _0609_ (net)
                      0.061571    0.000018    5.165609 v _1514_/B2 (sky130_fd_sc_hd__a2bb2o_4)
     2    0.007553    0.038405    0.209722    5.375331 v _1514_/X (sky130_fd_sc_hd__a2bb2o_4)
                                                         _0635_ (net)
                      0.038405    0.000026    5.375357 v _1541_/A2 (sky130_fd_sc_hd__a21o_1)
     2    0.006958    0.050827    0.188451    5.563808 v _1541_/X (sky130_fd_sc_hd__a21o_1)
                                                         _0661_ (net)
                      0.050827    0.000031    5.563839 v _1570_/B2 (sky130_fd_sc_hd__a2bb2o_4)
     2    0.004664    0.034687    0.199133    5.762971 v _1570_/X (sky130_fd_sc_hd__a2bb2o_4)
                                                         _0689_ (net)
                      0.034687    0.000015    5.762986 v _1597_/A2 (sky130_fd_sc_hd__a21o_1)
     2    0.005993    0.047922    0.182399    5.945385 v _1597_/X (sky130_fd_sc_hd__a21o_1)
                                                         _0715_ (net)
                      0.047922    0.000007    5.945392 v _1625_/B2 (sky130_fd_sc_hd__a2bb2o_4)
     2    0.008342    0.039339    0.205834    6.151227 v _1625_/X (sky130_fd_sc_hd__a2bb2o_4)
                                                         _0742_ (net)
                      0.039339    0.000113    6.151340 v _1651_/B2 (sky130_fd_sc_hd__a2bb2o_4)
     2    0.004971    0.035331    0.195357    6.346697 v _1651_/X (sky130_fd_sc_hd__a2bb2o_4)
                                                         _0767_ (net)
                      0.035331    0.000020    6.346716 v _1677_/A2 (sky130_fd_sc_hd__a21o_1)
     2    0.004597    0.042062    0.176142    6.522858 v _1677_/X (sky130_fd_sc_hd__a21o_1)
                                                         _0792_ (net)
                      0.042062    0.000010    6.522868 v _1700_/B1 (sky130_fd_sc_hd__a32o_2)
     2    0.011415    0.059924    0.241361    6.764229 v _1700_/X (sky130_fd_sc_hd__a32o_2)
                                                         _0814_ (net)
                      0.059925    0.000169    6.764399 v _1725_/B2 (sky130_fd_sc_hd__a2bb2o_4)
     2    0.006539    0.038016    0.206970    6.971368 v _1725_/X (sky130_fd_sc_hd__a2bb2o_4)
                                                         _0838_ (net)
                      0.038016    0.000006    6.971374 v _1750_/B2 (sky130_fd_sc_hd__a2bb2o_4)
     2    0.004745    0.034854    0.194167    7.165541 v _1750_/X (sky130_fd_sc_hd__a2bb2o_4)
                                                         _0862_ (net)
                      0.034854    0.000008    7.165549 v _1774_/A2 (sky130_fd_sc_hd__a21o_1)
     2    0.008983    0.060420    0.196446    7.361994 v _1774_/X (sky130_fd_sc_hd__a21o_1)
                                                         _0885_ (net)
                      0.060420    0.000018    7.362012 v _1797_/B2 (sky130_fd_sc_hd__a2bb2o_4)
     2    0.010069    0.041423    0.214452    7.576464 v _1797_/X (sky130_fd_sc_hd__a2bb2o_4)
                                                         _0907_ (net)
                      0.041423    0.000076    7.576540 v _1824_/B2 (sky130_fd_sc_hd__a2bb2o_4)
     2    0.004720    0.034804    0.195475    7.772015 v _1824_/X (sky130_fd_sc_hd__a2bb2o_4)
                                                         _0933_ (net)
                      0.034804    0.000018    7.772033 v _1849_/A2 (sky130_fd_sc_hd__a21o_1)
     2    0.010104    0.062869    0.200934    7.972968 v _1849_/X (sky130_fd_sc_hd__a21o_1)
                                                         _0957_ (net)
                      0.062869    0.000076    7.973044 v _1876_/B2 (sky130_fd_sc_hd__a2bb2o_4)
     2    0.009753    0.041018    0.214791    8.187835 v _1876_/X (sky130_fd_sc_hd__a2bb2o_4)
                                                         _0983_ (net)
                      0.041018    0.000043    8.187878 v _1902_/B2 (sky130_fd_sc_hd__a2bb2o_4)
     2    0.009695    0.040944    0.205851    8.393728 v _1902_/X (sky130_fd_sc_hd__a2bb2o_4)
                                                         _1008_ (net)
                      0.040944    0.000060    8.393789 v _1926_/B2 (sky130_fd_sc_hd__a2bb2o_4)
     2    0.009369    0.040565    0.205119    8.598908 v _1926_/X (sky130_fd_sc_hd__a2bb2o_4)
                                                         _0015_ (net)
                      0.040565    0.000143    8.599051 v _1950_/A2 (sky130_fd_sc_hd__a21o_1)
     2    0.007385    0.052769    0.191354    8.790405 v _1950_/X (sky130_fd_sc_hd__a21o_1)
                                                         _0038_ (net)
                      0.052769    0.000032    8.790437 v _1974_/A2 (sky130_fd_sc_hd__a21o_1)
     2    0.013978    0.078388    0.222684    9.013122 v _1974_/X (sky130_fd_sc_hd__a21o_1)
                                                         _0062_ (net)
                      0.078388    0.000039    9.013161 v _1997_/A2 (sky130_fd_sc_hd__a21oi_4)
     3    0.012679    0.143856    0.185170    9.198330 ^ _1997_/Y (sky130_fd_sc_hd__a21oi_4)
                                                         _0086_ (net)
                      0.143856    0.000041    9.198371 ^ _2003_/B (sky130_fd_sc_hd__xor2_1)
     1    0.002359    0.055210    0.079576    9.277947 v _2003_/X (sky130_fd_sc_hd__xor2_1)
                                                         _0093_ (net)
                      0.055210    0.000004    9.277951 v _2004_/C1 (sky130_fd_sc_hd__a221o_1)
     1    0.004307    0.061481    0.268933    9.546885 v _2004_/X (sky130_fd_sc_hd__a221o_1)
                                                         _0094_ (net)
                      0.061481    0.000003    9.546887 v _2017_/A1 (sky130_fd_sc_hd__a211o_4)
     4    0.029569    0.085456    0.373042    9.919930 v _2017_/X (sky130_fd_sc_hd__a211o_4)
                                                         net71 (net)
                      0.085456    0.000359    9.920288 v _2019_/B (sky130_fd_sc_hd__xnor2_2)
     1    0.008324    0.072920    0.155898   10.076186 v _2019_/Y (sky130_fd_sc_hd__xnor2_2)
                                                         _0109_ (net)
                      0.072920    0.000013   10.076200 v _2055_/B (sky130_fd_sc_hd__xnor2_2)
     1    0.017241    0.257911    0.240040   10.316239 ^ _2055_/Y (sky130_fd_sc_hd__xnor2_2)
                                                         net72 (net)
                      0.257913    0.000609   10.316849 ^ output72/A (sky130_fd_sc_hd__buf_6)
     1    0.034113    0.078408    0.180164   10.497013 ^ output72/X (sky130_fd_sc_hd__buf_6)
                                                         P (net)
                      0.078408    0.000105   10.497118 ^ P (out)
                                             10.497118   data arrival time

                      0.000000   10.000000   10.000000   clock __VIRTUAL_CLK__ (rise edge)
                                  0.000000   10.000000   clock network delay (ideal)
                                 -0.250000    9.750000   clock uncertainty
                                  0.000000    9.750000   clock reconvergence pessimism
                                 -2.000000    7.750000   output external delay
                                              7.750000   data required time
---------------------------------------------------------------------------------------------
                                              7.750000   data required time
                                            -10.497118   data arrival time
---------------------------------------------------------------------------------------------
                                             -2.747118   slack (VIOLATED)




===========================================================================
report_checks --slack_max -0.01
============================================================================
======================= nom_tt_025C_1v80 Corner ===================================

Startpoint: alu_opcode[2] (input port clocked by __VIRTUAL_CLK__)
Endpoint: P (output port clocked by __VIRTUAL_CLK__)
Path Group: __VIRTUAL_CLK__
Path Type: max

Fanout         Cap        Slew       Delay        Time   Description
---------------------------------------------------------------------------------------------
                      0.000000    0.000000    0.000000   clock __VIRTUAL_CLK__ (rise edge)
                                  0.000000    0.000000   clock network delay (ideal)
                                  2.000000    2.000000 ^ input external delay
     1    0.005410    0.031082    0.019139    2.019139 ^ alu_opcode[2] (in)
                                                         alu_opcode[2] (net)
                      0.031082    0.000000    2.019139 ^ input67/A (sky130_fd_sc_hd__buf_6)
     1    0.010381    0.033720    0.085828    2.104967 ^ input67/X (sky130_fd_sc_hd__buf_6)
                                                         net67 (net)
                      0.033721    0.000151    2.105118 ^ fanout188/A (sky130_fd_sc_hd__buf_8)
     8    0.030045    0.059352    0.107167    2.212286 ^ fanout188/X (sky130_fd_sc_hd__buf_8)
                                                         net188 (net)
                      0.059352    0.000101    2.212387 ^ fanout187/A (sky130_fd_sc_hd__buf_8)
     5    0.013156    0.035169    0.096676    2.309062 ^ fanout187/X (sky130_fd_sc_hd__buf_8)
                                                         net187 (net)
                      0.035169    0.000008    2.309070 ^ _1054_/B_N (sky130_fd_sc_hd__and4bb_1)
     4    0.016804    0.098966    0.259267    2.568337 v _1054_/X (sky130_fd_sc_hd__and4bb_1)
                                                         _0187_ (net)
                      0.098966    0.000099    2.568436 v fanout158/A (sky130_fd_sc_hd__buf_8)
     5    0.031037    0.037752    0.155790    2.724227 v fanout158/X (sky130_fd_sc_hd__buf_8)
                                                         net158 (net)
                      0.037759    0.000521    2.724748 v _1056_/A (sky130_fd_sc_hd__nor2_8)
     6    0.022511    0.114176    0.134886    2.859633 ^ _1056_/Y (sky130_fd_sc_hd__nor2_8)
                                                         _0189_ (net)
                      0.114176    0.000062    2.859696 ^ fanout117/A (sky130_fd_sc_hd__buf_8)
     5    0.025181    0.052833    0.126161    2.985856 ^ fanout117/X (sky130_fd_sc_hd__buf_8)
                                                         net117 (net)
                      0.052833    0.000109    2.985965 ^ _1132_/A2 (sky130_fd_sc_hd__o32ai_4)
     2    0.009334    0.079070    0.091116    3.077081 v _1132_/Y (sky130_fd_sc_hd__o32ai_4)
                                                         _0264_ (net)
                      0.079070    0.000018    3.077099 v _1182_/B1 (sky130_fd_sc_hd__a2bb2o_4)
     2    0.009586    0.040859    0.235125    3.312224 v _1182_/X (sky130_fd_sc_hd__a2bb2o_4)
                                                         _0313_ (net)
                      0.040859    0.000054    3.312278 v _1226_/B2 (sky130_fd_sc_hd__a2bb2o_4)
     2    0.009222    0.040423    0.204800    3.517078 v _1226_/X (sky130_fd_sc_hd__a2bb2o_4)
                                                         _0356_ (net)
                      0.040423    0.000082    3.517160 v _1273_/B1 (sky130_fd_sc_hd__a32o_2)
     2    0.007670    0.050849    0.228234    3.745394 v _1273_/X (sky130_fd_sc_hd__a32o_2)
                                                         _0402_ (net)
                      0.050849    0.000038    3.745432 v _1305_/A2 (sky130_fd_sc_hd__a21o_1)
     2    0.011276    0.067516    0.211962    3.957393 v _1305_/X (sky130_fd_sc_hd__a21o_1)
                                                         _0433_ (net)
                      0.067516    0.000125    3.957518 v _1339_/B2 (sky130_fd_sc_hd__a2bb2o_4)
     2    0.009413    0.040595    0.215950    4.173469 v _1339_/X (sky130_fd_sc_hd__a2bb2o_4)
                                                         _0466_ (net)
                      0.040595    0.000047    4.173515 v _1372_/B2 (sky130_fd_sc_hd__a2bb2o_4)
     2    0.009807    0.041083    0.205917    4.379432 v _1372_/X (sky130_fd_sc_hd__a2bb2o_4)
                                                         _0498_ (net)
                      0.041083    0.000056    4.379488 v _1403_/B2 (sky130_fd_sc_hd__a2bb2o_4)
     2    0.009554    0.040767    0.205597    4.585086 v _1403_/X (sky130_fd_sc_hd__a2bb2o_4)
                                                         _0528_ (net)
                      0.040767    0.000035    4.585120 v _1430_/B2 (sky130_fd_sc_hd__a2bb2o_4)
     2    0.007668    0.038541    0.201560    4.786680 v _1430_/X (sky130_fd_sc_hd__a2bb2o_4)
                                                         _0554_ (net)
                      0.038541    0.000032    4.786712 v _1458_/A2 (sky130_fd_sc_hd__a21o_1)
     2    0.004690    0.042463    0.177910    4.964622 v _1458_/X (sky130_fd_sc_hd__a21o_1)
                                                         _0581_ (net)
                      0.042463    0.000012    4.964634 v _1487_/A2 (sky130_fd_sc_hd__a21o_1)
     2    0.009261    0.061571    0.200957    5.165591 v _1487_/X (sky130_fd_sc_hd__a21o_1)
                                                         _0609_ (net)
                      0.061571    0.000018    5.165609 v _1514_/B2 (sky130_fd_sc_hd__a2bb2o_4)
     2    0.007553    0.038405    0.209722    5.375331 v _1514_/X (sky130_fd_sc_hd__a2bb2o_4)
                                                         _0635_ (net)
                      0.038405    0.000026    5.375357 v _1541_/A2 (sky130_fd_sc_hd__a21o_1)
     2    0.006958    0.050827    0.188451    5.563808 v _1541_/X (sky130_fd_sc_hd__a21o_1)
                                                         _0661_ (net)
                      0.050827    0.000031    5.563839 v _1570_/B2 (sky130_fd_sc_hd__a2bb2o_4)
     2    0.004664    0.034687    0.199133    5.762971 v _1570_/X (sky130_fd_sc_hd__a2bb2o_4)
                                                         _0689_ (net)
                      0.034687    0.000015    5.762986 v _1597_/A2 (sky130_fd_sc_hd__a21o_1)
     2    0.005993    0.047922    0.182399    5.945385 v _1597_/X (sky130_fd_sc_hd__a21o_1)
                                                         _0715_ (net)
                      0.047922    0.000007    5.945392 v _1625_/B2 (sky130_fd_sc_hd__a2bb2o_4)
     2    0.008342    0.039339    0.205834    6.151227 v _1625_/X (sky130_fd_sc_hd__a2bb2o_4)
                                                         _0742_ (net)
                      0.039339    0.000113    6.151340 v _1651_/B2 (sky130_fd_sc_hd__a2bb2o_4)
     2    0.004971    0.035331    0.195357    6.346697 v _1651_/X (sky130_fd_sc_hd__a2bb2o_4)
                                                         _0767_ (net)
                      0.035331    0.000020    6.346716 v _1677_/A2 (sky130_fd_sc_hd__a21o_1)
     2    0.004597    0.042062    0.176142    6.522858 v _1677_/X (sky130_fd_sc_hd__a21o_1)
                                                         _0792_ (net)
                      0.042062    0.000010    6.522868 v _1700_/B1 (sky130_fd_sc_hd__a32o_2)
     2    0.011415    0.059924    0.241361    6.764229 v _1700_/X (sky130_fd_sc_hd__a32o_2)
                                                         _0814_ (net)
                      0.059925    0.000169    6.764399 v _1725_/B2 (sky130_fd_sc_hd__a2bb2o_4)
     2    0.006539    0.038016    0.206970    6.971368 v _1725_/X (sky130_fd_sc_hd__a2bb2o_4)
                                                         _0838_ (net)
                      0.038016    0.000006    6.971374 v _1750_/B2 (sky130_fd_sc_hd__a2bb2o_4)
     2    0.004745    0.034854    0.194167    7.165541 v _1750_/X (sky130_fd_sc_hd__a2bb2o_4)
                                                         _0862_ (net)
                      0.034854    0.000008    7.165549 v _1774_/A2 (sky130_fd_sc_hd__a21o_1)
     2    0.008983    0.060420    0.196446    7.361994 v _1774_/X (sky130_fd_sc_hd__a21o_1)
                                                         _0885_ (net)
                      0.060420    0.000018    7.362012 v _1797_/B2 (sky130_fd_sc_hd__a2bb2o_4)
     2    0.010069    0.041423    0.214452    7.576464 v _1797_/X (sky130_fd_sc_hd__a2bb2o_4)
                                                         _0907_ (net)
                      0.041423    0.000076    7.576540 v _1824_/B2 (sky130_fd_sc_hd__a2bb2o_4)
     2    0.004720    0.034804    0.195475    7.772015 v _1824_/X (sky130_fd_sc_hd__a2bb2o_4)
                                                         _0933_ (net)
                      0.034804    0.000018    7.772033 v _1849_/A2 (sky130_fd_sc_hd__a21o_1)
     2    0.010104    0.062869    0.200934    7.972968 v _1849_/X (sky130_fd_sc_hd__a21o_1)
                                                         _0957_ (net)
                      0.062869    0.000076    7.973044 v _1876_/B2 (sky130_fd_sc_hd__a2bb2o_4)
     2    0.009753    0.041018    0.214791    8.187835 v _1876_/X (sky130_fd_sc_hd__a2bb2o_4)
                                                         _0983_ (net)
                      0.041018    0.000043    8.187878 v _1902_/B2 (sky130_fd_sc_hd__a2bb2o_4)
     2    0.009695    0.040944    0.205851    8.393728 v _1902_/X (sky130_fd_sc_hd__a2bb2o_4)
                                                         _1008_ (net)
                      0.040944    0.000060    8.393789 v _1926_/B2 (sky130_fd_sc_hd__a2bb2o_4)
     2    0.009369    0.040565    0.205119    8.598908 v _1926_/X (sky130_fd_sc_hd__a2bb2o_4)
                                                         _0015_ (net)
                      0.040565    0.000143    8.599051 v _1950_/A2 (sky130_fd_sc_hd__a21o_1)
     2    0.007385    0.052769    0.191354    8.790405 v _1950_/X (sky130_fd_sc_hd__a21o_1)
                                                         _0038_ (net)
                      0.052769    0.000032    8.790437 v _1974_/A2 (sky130_fd_sc_hd__a21o_1)
     2    0.013978    0.078388    0.222684    9.013122 v _1974_/X (sky130_fd_sc_hd__a21o_1)
                                                         _0062_ (net)
                      0.078388    0.000039    9.013161 v _1997_/A2 (sky130_fd_sc_hd__a21oi_4)
     3    0.012679    0.143856    0.185170    9.198330 ^ _1997_/Y (sky130_fd_sc_hd__a21oi_4)
                                                         _0086_ (net)
                      0.143856    0.000041    9.198371 ^ _2003_/B (sky130_fd_sc_hd__xor2_1)
     1    0.002359    0.055210    0.079576    9.277947 v _2003_/X (sky130_fd_sc_hd__xor2_1)
                                                         _0093_ (net)
                      0.055210    0.000004    9.277951 v _2004_/C1 (sky130_fd_sc_hd__a221o_1)
     1    0.004307    0.061481    0.268933    9.546885 v _2004_/X (sky130_fd_sc_hd__a221o_1)
                                                         _0094_ (net)
                      0.061481    0.000003    9.546887 v _2017_/A1 (sky130_fd_sc_hd__a211o_4)
     4    0.029569    0.085456    0.373042    9.919930 v _2017_/X (sky130_fd_sc_hd__a211o_4)
                                                         net71 (net)
                      0.085456    0.000359    9.920288 v _2019_/B (sky130_fd_sc_hd__xnor2_2)
     1    0.008324    0.072920    0.155898   10.076186 v _2019_/Y (sky130_fd_sc_hd__xnor2_2)
                                                         _0109_ (net)
                      0.072920    0.000013   10.076200 v _2055_/B (sky130_fd_sc_hd__xnor2_2)
     1    0.017241    0.257911    0.240040   10.316239 ^ _2055_/Y (sky130_fd_sc_hd__xnor2_2)
                                                         net72 (net)
                      0.257913    0.000609   10.316849 ^ output72/A (sky130_fd_sc_hd__buf_6)
     1    0.034113    0.078408    0.180164   10.497013 ^ output72/X (sky130_fd_sc_hd__buf_6)
                                                         P (net)
                      0.078408    0.000105   10.497118 ^ P (out)
                                             10.497118   data arrival time

                      0.000000   10.000000   10.000000   clock __VIRTUAL_CLK__ (rise edge)
                                  0.000000   10.000000   clock network delay (ideal)
                                 -0.250000    9.750000   clock uncertainty
                                  0.000000    9.750000   clock reconvergence pessimism
                                 -2.000000    7.750000   output external delay
                                              7.750000   data required time
---------------------------------------------------------------------------------------------
                                              7.750000   data required time
                                            -10.497118   data arrival time
---------------------------------------------------------------------------------------------
                                             -2.747118   slack (VIOLATED)




===========================================================================
 report_check_types -max_slew -max_cap -max_fanout -violators
============================================================================
======================= nom_tt_025C_1v80 Corner ===================================



===========================================================================
report_parasitic_annotation -report_unannotated
============================================================================
Found 0 unannotated drivers.
Found 0 partially unannotated drivers.

===========================================================================
max slew violation count 0
Writing metric design__max_slew_violation__count__corner:nom_tt_025C_1v80: 0
max fanout violation count 0
Writing metric design__max_fanout_violation__count__corner:nom_tt_025C_1v80: 0
max cap violation count 0
Writing metric design__max_cap_violation__count__corner:nom_tt_025C_1v80: 0
============================================================================

===========================================================================
check_setup -verbose -unconstrained_endpoints -multiple_clock -no_clock -no_input_delay -loops -generated_clocks
===========================================================================
