
===========================================================================
 report_power
============================================================================
======================= nom_tt_025C_1v80 Corner ===================================

Group                    Internal    Switching      Leakage        Total
                            Power        Power        Power        Power (Watts)
------------------------------------------------------------------------
Sequential           0.000000e+00 0.000000e+00 0.000000e+00 0.000000e+00   0.0%
Combinational        3.370527e-04 3.305767e-04 3.772038e-09 6.676332e-04 100.0%
Clock                0.000000e+00 0.000000e+00 3.499243e-10 3.499243e-10   0.0%
Macro                0.000000e+00 0.000000e+00 0.000000e+00 0.000000e+00   0.0%
Pad                  0.000000e+00 0.000000e+00 0.000000e+00 0.000000e+00   0.0%
------------------------------------------------------------------------
Total                3.370527e-04 3.305767e-04 4.121966e-09 6.676335e-04 100.0%
                            50.5%        49.5%         0.0%
Writing metric power__internal__total: 0.0003370526828803122
Writing metric power__switching__total: 0.000330576702253893
Writing metric power__leakage__total: 4.121966323822335e-9
Writing metric power__total: 0.0006676335469819605

